Archive member included to satisfy reference by file (symbol)

C:/ST/STM32CubeIDE_1.14.0/STM32CubeIDE/plugins/com.st.stm32cube.ide.mcu.externaltools.gnu-tools-for-stm32.11.3.rel1.win32_1.1.100.202309141235/tools/bin/../lib/gcc/arm-none-eabi/11.3.1/../../../../arm-none-eabi/lib/thumb/v6-m/nofp\libc_nano.a(libc_a-atof.o)
                              ./Core/Src/gps.o (atof)
C:/ST/STM32CubeIDE_1.14.0/STM32CubeIDE/plugins/com.st.stm32cube.ide.mcu.externaltools.gnu-tools-for-stm32.11.3.rel1.win32_1.1.100.202309141235/tools/bin/../lib/gcc/arm-none-eabi/11.3.1/../../../../arm-none-eabi/lib/thumb/v6-m/nofp\libc_nano.a(libc_a-exit.o)
                              C:/ST/STM32CubeIDE_1.14.0/STM32CubeIDE/plugins/com.st.stm32cube.ide.mcu.externaltools.gnu-tools-for-stm32.11.3.rel1.win32_1.1.100.202309141235/tools/bin/../lib/gcc/arm-none-eabi/11.3.1/../../../../arm-none-eabi/lib/thumb/v6-m/nofp/crt0.o (exit)
C:/ST/STM32CubeIDE_1.14.0/STM32CubeIDE/plugins/com.st.stm32cube.ide.mcu.externaltools.gnu-tools-for-stm32.11.3.rel1.win32_1.1.100.202309141235/tools/bin/../lib/gcc/arm-none-eabi/11.3.1/../../../../arm-none-eabi/lib/thumb/v6-m/nofp\libc_nano.a(libc_a-strtod.o)
                              C:/ST/STM32CubeIDE_1.14.0/STM32CubeIDE/plugins/com.st.stm32cube.ide.mcu.externaltools.gnu-tools-for-stm32.11.3.rel1.win32_1.1.100.202309141235/tools/bin/../lib/gcc/arm-none-eabi/11.3.1/../../../../arm-none-eabi/lib/thumb/v6-m/nofp\libc_nano.a(libc_a-atof.o) (strtod)
C:/ST/STM32CubeIDE_1.14.0/STM32CubeIDE/plugins/com.st.stm32cube.ide.mcu.externaltools.gnu-tools-for-stm32.11.3.rel1.win32_1.1.100.202309141235/tools/bin/../lib/gcc/arm-none-eabi/11.3.1/../../../../arm-none-eabi/lib/thumb/v6-m/nofp\libc_nano.a(libc_a-findfp.o)
                              ./Middlewares/Third_Party/FreeRTOS/Source/tasks.o (__sf)
C:/ST/STM32CubeIDE_1.14.0/STM32CubeIDE/plugins/com.st.stm32cube.ide.mcu.externaltools.gnu-tools-for-stm32.11.3.rel1.win32_1.1.100.202309141235/tools/bin/../lib/gcc/arm-none-eabi/11.3.1/../../../../arm-none-eabi/lib/thumb/v6-m/nofp\libc_nano.a(libc_a-fwalk.o)
                              C:/ST/STM32CubeIDE_1.14.0/STM32CubeIDE/plugins/com.st.stm32cube.ide.mcu.externaltools.gnu-tools-for-stm32.11.3.rel1.win32_1.1.100.202309141235/tools/bin/../lib/gcc/arm-none-eabi/11.3.1/../../../../arm-none-eabi/lib/thumb/v6-m/nofp\libc_nano.a(libc_a-findfp.o) (_fwalk_sglue)
C:/ST/STM32CubeIDE_1.14.0/STM32CubeIDE/plugins/com.st.stm32cube.ide.mcu.externaltools.gnu-tools-for-stm32.11.3.rel1.win32_1.1.100.202309141235/tools/bin/../lib/gcc/arm-none-eabi/11.3.1/../../../../arm-none-eabi/lib/thumb/v6-m/nofp\libc_nano.a(libc_a-stdio.o)
                              C:/ST/STM32CubeIDE_1.14.0/STM32CubeIDE/plugins/com.st.stm32cube.ide.mcu.externaltools.gnu-tools-for-stm32.11.3.rel1.win32_1.1.100.202309141235/tools/bin/../lib/gcc/arm-none-eabi/11.3.1/../../../../arm-none-eabi/lib/thumb/v6-m/nofp\libc_nano.a(libc_a-findfp.o) (__sread)
C:/ST/STM32CubeIDE_1.14.0/STM32CubeIDE/plugins/com.st.stm32cube.ide.mcu.externaltools.gnu-tools-for-stm32.11.3.rel1.win32_1.1.100.202309141235/tools/bin/../lib/gcc/arm-none-eabi/11.3.1/../../../../arm-none-eabi/lib/thumb/v6-m/nofp\libc_nano.a(libc_a-memcmp.o)
                              ./Core/Src/gps.o (memcmp)
C:/ST/STM32CubeIDE_1.14.0/STM32CubeIDE/plugins/com.st.stm32cube.ide.mcu.externaltools.gnu-tools-for-stm32.11.3.rel1.win32_1.1.100.202309141235/tools/bin/../lib/gcc/arm-none-eabi/11.3.1/../../../../arm-none-eabi/lib/thumb/v6-m/nofp\libc_nano.a(libc_a-memset.o)
                              C:/ST/STM32CubeIDE_1.14.0/STM32CubeIDE/plugins/com.st.stm32cube.ide.mcu.externaltools.gnu-tools-for-stm32.11.3.rel1.win32_1.1.100.202309141235/tools/bin/../lib/gcc/arm-none-eabi/11.3.1/../../../../arm-none-eabi/lib/thumb/v6-m/nofp/crt0.o (memset)
C:/ST/STM32CubeIDE_1.14.0/STM32CubeIDE/plugins/com.st.stm32cube.ide.mcu.externaltools.gnu-tools-for-stm32.11.3.rel1.win32_1.1.100.202309141235/tools/bin/../lib/gcc/arm-none-eabi/11.3.1/../../../../arm-none-eabi/lib/thumb/v6-m/nofp\libc_nano.a(libc_a-strncmp.o)
                              ./Core/Src/gsm.o (strncmp)
C:/ST/STM32CubeIDE_1.14.0/STM32CubeIDE/plugins/com.st.stm32cube.ide.mcu.externaltools.gnu-tools-for-stm32.11.3.rel1.win32_1.1.100.202309141235/tools/bin/../lib/gcc/arm-none-eabi/11.3.1/../../../../arm-none-eabi/lib/thumb/v6-m/nofp\libc_nano.a(libc_a-locale.o)
                              C:/ST/STM32CubeIDE_1.14.0/STM32CubeIDE/plugins/com.st.stm32cube.ide.mcu.externaltools.gnu-tools-for-stm32.11.3.rel1.win32_1.1.100.202309141235/tools/bin/../lib/gcc/arm-none-eabi/11.3.1/../../../../arm-none-eabi/lib/thumb/v6-m/nofp\libc_nano.a(libc_a-strtod.o) (__global_locale)
C:/ST/STM32CubeIDE_1.14.0/STM32CubeIDE/plugins/com.st.stm32cube.ide.mcu.externaltools.gnu-tools-for-stm32.11.3.rel1.win32_1.1.100.202309141235/tools/bin/../lib/gcc/arm-none-eabi/11.3.1/../../../../arm-none-eabi/lib/thumb/v6-m/nofp\libc_nano.a(libc_a-closer.o)
[...]
Memory Configuration

Name             Origin             Length             Attributes
RAM              0x0000000020000000 0x0000000000024000 xrw
FLASH            0x0000000008000000 0x0000000000080000 xr
*default*        0x0000000000000000 0xffffffffffffffff

Linker script and memory map

LOAD C:/ST/STM32CubeIDE_1.14.0/STM32CubeIDE/plugins/com.st.stm32cube.ide.mcu.externaltools.gnu-tools-for-stm32.11.3.rel1.win32_1.1.100.202309141235/tools/bin/../lib/gcc/arm-none-eabi/11.3.1/thumb/v6-m/nofp/crti.o
LOAD C:/ST/STM32CubeIDE_1.14.0/STM32CubeIDE/plugins/com.st.stm32cube.ide.mcu.externaltools.gnu-tools-for-stm32.11.3.rel1.win32_1.1.100.202309141235/tools/bin/../lib/gcc/arm-none-eabi/11.3.1/thumb/v6-m/nofp/crtbegin.o
LOAD C:/ST/STM32CubeIDE_1.14.0/STM32CubeIDE/plugins/com.st.stm32cube.ide.mcu.externaltools.gnu-tools-for-stm32.11.3.rel1.win32_1.1.100.202309141235/tools/bin/../lib/gcc/arm-none-eabi/11.3.1/../../../../arm-none-eabi/lib/thumb/v6-m/nofp/crt0.o
LOAD ./Core/Src/app_freertos.o
LOAD ./Core/Src/gps.o
LOAD ./Core/Src/gsm.o
LOAD ./Core/Src/lis2dh12_reg.o
LOAD ./Core/Src/main.o
LOAD ./Core/Src/stm32g0xx_hal_msp.o
LOAD ./Core/Src/stm32g0xx_hal_timebase_tim.o
LOAD ./Core/Src/stm32g0xx_it.o
LOAD ./Core/Src/syscalls.o
LOAD ./Core/Src/sysmem.o
LOAD ./Core/Src/system_stm32g0xx.o
LOAD ./Core/Startup/startup_stm32g0b1retx.o
LOAD ./Drivers/STM32G0xx_HAL_Driver/Src/stm32g0xx_hal.o
LOAD ./Drivers/STM32G0xx_HAL_Driver/Src/stm32g0xx_hal_cortex.o
LOAD ./Drivers/STM32G0xx_HAL_Driver/Src/stm32g0xx_hal_dma.o
LOAD ./Drivers/STM32G0xx_HAL_Driver/Src/stm32g0xx_hal_dma_ex.o
LOAD ./Drivers/STM32G0xx_HAL_Driver/Src/stm32g0xx_hal_exti.o
LOAD ./Drivers/STM32G0xx_HAL_Driver/Src/stm32g0xx_hal_flash.o
LOAD ./Drivers/STM32G0xx_HAL_Driver/Src/stm32g0xx_hal_flash_ex.o
LOAD ./Drivers/STM32G0xx_HAL_Driver/Src/stm32g0xx_hal_gpio.o
LOAD ./Drivers/STM32G0xx_HAL_Driver/Src/stm32g0xx_hal_i2c.o
LOAD ./Drivers/STM32G0xx_HAL_Driver/Src/stm32g0xx_hal_i2c_ex.o
LOAD ./Drivers/STM32G0xx_HAL_Driver/Src/stm32g0xx_hal_pwr.o
LOAD ./Drivers/STM32G0xx_HAL_Driver/Src/stm32g0xx_hal_pwr_ex.o
LOAD ./Drivers/STM32G0xx_HAL_Driver/Src/stm32g0xx_hal_rcc.o
LOAD ./Drivers/STM32G0xx_HAL_Driver/Src/stm32g0xx_hal_rcc_ex.o
LOAD ./Drivers/STM32G0xx_HAL_Driver/Src/stm32g0xx_hal_tim.o
LOAD ./Drivers/STM32G0xx_HAL_Driver/Src/stm32g0xx_hal_tim_ex.o
LOAD ./Drivers/STM32G0xx_HAL_Driver/Src/stm32g0xx_hal_uart.o
LOAD ./Drivers/STM32G0xx_HAL_Driver/Src/stm32g0xx_hal_uart_ex.o
LOAD ./Drivers/STM32G0xx_HAL_Driver/Src/stm32g0xx_ll_dma.o
LOAD ./Drivers/STM32G0xx_HAL_Driver/Src/stm32g0xx_ll_rcc.o
LOAD ./Middlewares/Third_Party/FreeRTOS/Source/CMSIS_RTOS_V2/cmsis_os2.o
LOAD ./Middlewares/Third_Party/FreeRTOS/Source/croutine.o
LOAD ./Middlewares/Third_Party/FreeRTOS/Source/event_groups.o
LOAD ./Middlewares/Third_Party/FreeRTOS/Source/list.o
LOAD ./Middlewares/Third_Party/FreeRTOS/Source/queue.o
LOAD ./Middlewares/Third_Party/FreeRTOS/Source/stream_buffer.o
LOAD ./Middlewares/Third_Party/FreeRTOS/Source/tasks.o
LOAD ./Middlewares/Third_Party/FreeRTOS/Source/timers.o
LOAD ./Middlewares/Third_Party/FreeRTOS/Source/portable/GCC/ARM_CM0/port.o
LOAD ./Middlewares/Third_Party/FreeRTOS/Source/portable/MemMang/heap_4.o
START GROUP
LOAD C:/ST/STM32CubeIDE_1.14.0/STM32CubeIDE/plugins/com.st.stm32cube.ide.mcu.externaltools.gnu-tools-for-stm32.11.3.rel1.win32_1.1.100.202309141235/tools/bin/../lib/gcc/arm-none-eabi/11.3.1/../../../../arm-none-eabi/lib/thumb/v6-m/nofp\libc_nano.a
LOAD C:/ST/STM32CubeIDE_1.14.0/STM32CubeIDE/plugins/com.st.stm32cube.ide.mcu.externaltools.gnu-tools-for-stm32.11.3.rel1.win32_1.1.100.202309141235/tools/bin/../lib/gcc/arm-none-eabi/11.3.1/../../../../arm-none-eabi/lib/thumb/v6-m/nofp\libm.a
END GROUP
START GROUP
LOAD C:/ST/STM32CubeIDE_1.14.0/STM32CubeIDE/plugins/com.st.stm32cube.ide.mcu.externaltools.gnu-tools-for-stm32.11.3.rel1.win32_1.1.100.202309141235/tools/bin/../lib/gcc/arm-none-eabi/11.3.1/thumb/v6-m/nofp\libgcc.a
LOAD C:/ST/STM32CubeIDE_1.14.0/STM32CubeIDE/plugins/com.st.stm32cube.ide.mcu.externaltools.gnu-tools-for-stm32.11.3.rel1.win32_1.1.100.202309141235/tools/bin/../lib/gcc/arm-none-eabi/11.3.1/../../../../arm-none-eabi/lib/thumb/v6-m/nofp\libc_nano.a
END GROUP
START GROUP
LOAD C:/ST/STM32CubeIDE_1.14.0/STM32CubeIDE/plugins/com.st.stm32cube.ide.mcu.externaltools.gnu-tools-for-stm32.11.3.rel1.win32_1.1.100.202309141235/tools/bin/../lib/gcc/arm-none-eabi/11.3.1/thumb/v6-m/nofp\libgcc.a
LOAD C:/ST/STM32CubeIDE_1.14.0/STM32CubeIDE/plugins/com.st.stm32cube.ide.mcu.externaltools.gnu-tools-for-stm32.11.3.rel1.win32_1.1.100.202309141235/tools/bin/../lib/gcc/arm-none-eabi/11.3.1/../../../../arm-none-eabi/lib/thumb/v6-m/nofp\libc_nano.a
LOAD C:/ST/STM32CubeIDE_1.14.0/STM32CubeIDE/plugins/com.st.stm32cube.ide.mcu.externaltools.gnu-tools-for-stm32.11.3.rel1.win32_1.1.100.202309141235/tools/bin/../lib/gcc/arm-none-eabi/11.3.1/../../../../arm-none-eabi/lib/thumb/v6-m/nofp\libnosys.a
END GROUP
START GROUP
LOAD C:/ST/STM32CubeIDE_1.14.0/STM32CubeIDE/plugins/com.st.stm32cube.ide.mcu.externaltools.gnu-tools-for-stm32.11.3.rel1.win32_1.1.100.202309141235/tools/bin/../lib/gcc/arm-none-eabi/11.3.1/thumb/v6-m/nofp\libgcc.a
LOAD C:/ST/STM32CubeIDE_1.14.0/STM32CubeIDE/plugins/com.st.stm32cube.ide.mcu.externaltools.gnu-tools-for-stm32.11.3.rel1.win32_1.1.100.202309141235/tools/bin/../lib/gcc/arm-none-eabi/11.3.1/../../../../arm-none-eabi/lib/thumb/v6-m/nofp\libc_nano.a
LOAD C:/ST/STM32CubeIDE_1.14.0/STM32CubeIDE/plugins/com.st.stm32cube.ide.mcu.externaltools.gnu-tools-for-stm32.11.3.rel1.win32_1.1.100.202309141235/tools/bin/../lib/gcc/arm-none-eabi/11.3.1/../../../../arm-none-eabi/lib/thumb/v6-m/nofp\libnosys.a
END GROUP
LOAD C:/ST/STM32CubeIDE_1.14.0/STM32CubeIDE/plugins/com.st.stm32cube.ide.mcu.externaltools.gnu-tools-for-stm32.11.3.rel1.win32_1.1.100.202309141235/tools/bin/../lib/gcc/arm-none-eabi/11.3.1/thumb/v6-m/nofp/crtend.o
LOAD C:/ST/STM32CubeIDE_1.14.0/STM32CubeIDE/plugins/com.st.stm32cube.ide.mcu.externaltools.gnu-tools-for-stm32.11.3.rel1.win32_1.1.100.202309141235/tools/bin/../lib/gcc/arm-none-eabi/11.3.1/thumb/v6-m/nofp/crtn.o
                0x0000000020024000                _estack = (ORIGIN (RAM) + LENGTH (RAM))
                0x0000000000000200                _Min_Heap_Size = 0x200
                0x0000000000000400                _Min_Stack_Size = 0x400

.isr_vector     0x0000000008000000       0xbc
                0x0000000008000000                . = ALIGN (0x4)
 *(.isr_vector)
 .isr_vector    0x0000000008000000       0xbc ./Core/Startup/startup_stm32g0b1retx.o
                0x0000000008000000                g_pfnVectors
                0x00000000080000bc                . = ALIGN (0x4)

.text           0x00000000080000c0     0xf1fc
                0x00000000080000c0                . = ALIGN (0x4)
 *(.text)
 .text          0x00000000080000c0       0x48 C:/ST/STM32CubeIDE_1.14.0/STM32CubeIDE/plugins/com.st.stm32cube.ide.mcu.externaltools.gnu-tools-for-stm32.11.3.rel1.win32_1.1.100.202309141235/tools/bin/../lib/gcc/arm-none-eabi/11.3.1/thumb/v6-m/nofp/crtbegin.o
 .text          0x0000000008000108       0x14 C:/ST/STM32CubeIDE_1.14.0/STM32CubeIDE/plugins/com.st.stm32cube.ide.mcu.externaltools.gnu-tools-for-stm32.11.3.rel1.win32_1.1.100.202309141235/tools/bin/../lib/gcc/arm-none-eabi/11.3.1/../../../../arm-none-eabi/lib/thumb/v6-m/nofp\libc_nano.a(libc_a-strcmp.o)
                0x0000000008000108                strcmp
 .text          0x000000000800011c        0xe C:/ST/STM32CubeIDE_1.14.0/STM32CubeIDE/plugins/com.st.stm32cube.ide.mcu.externaltools.gnu-tools-for-stm32.11.3.rel1.win32_1.1.100.202309141235/tools/bin/../lib/gcc/arm-none-eabi/11.3.1/../../../../arm-none-eabi/lib/thumb/v6-m/nofp\libc_nano.a(libc_a-strlen.o)
                0x000000000800011c                strlen
 *fill*         0x000000000800012a        0x2 
 .text          0x000000000800012c       0x14 C:/ST/STM32CubeIDE_1.14.0/STM32CubeIDE/plugins/com.st.stm32cube.ide.mcu.externaltools.gnu-tools-for-stm32.11.3.rel1.win32_1.1.100.202309141235/tools/bin/../lib/gcc/arm-none-eabi/11.3.1/thumb/v6-m/nofp\libgcc.a(_thumb1_case_uqi.o)
                0x000000000800012c                __gnu_thumb1_case_uqi
 .text          0x0000000008000140       0x14 C:/ST/STM32CubeIDE_1.14.0/STM32CubeIDE/plugins/com.st.stm32cube.ide.mcu.externaltools.gnu-tools-for-stm32.11.3.rel1.win32_1.1.100.202309141235/tools/bin/../lib/gcc/arm-none-eabi/11.3.1/thumb/v6-m/nofp\libgcc.a(_thumb1_case_shi.o)
                0x0000000008000140                __gnu_thumb1_case_shi
 .text          0x0000000008000154      0x114 C:/ST/STM32CubeIDE_1.14.0/STM32CubeIDE/plugins/com.st.stm32cube.ide.mcu.externaltools.gnu-tools-for-stm32.11.3.rel1.win32_1.1.100.202309141235/tools/bin/../lib/gcc/arm-none-eabi/11.3.1/thumb/v6-m/nofp\libgcc.a(_udivsi3.o)
                0x0000000008000154                __aeabi_uidiv
                0x0000000008000154                __udivsi3
                0x0000000008000260                __aeabi_uidivmod
 .text          0x0000000008000268      0x1d4 C:/ST/STM32CubeIDE_1.14.0/STM32CubeIDE/plugins/com.st.stm32cube.ide.mcu.externaltools.gnu-tools-for-stm32.11.3.rel1.win32_1.1.100.202309141235/tools/bin/../lib/gcc/arm-none-eabi/11.3.1/thumb/v6-m/nofp\libgcc.a(_divsi3.o)
                0x0000000008000268                __divsi3
                0x0000000008000268                __aeabi_idiv
                0x0000000008000434                __aeabi_idivmod
 .text          0x000000000800043c        0x4 C:/ST/STM32CubeIDE_1.14.0/STM32CubeIDE/plugins/com.st.stm32cube.ide.mcu.externaltools.gnu-tools-for-stm32.11.3.rel1.win32_1.1.100.202309141235/tools/bin/../lib/gcc/arm-none-eabi/11.3.1/thumb/v6-m/nofp\libgcc.a(_dvmd_tls.o)
                0x000000000800043c                __aeabi_idiv0
                0x000000000800043c                __aeabi_ldiv0
 .text          0x0000000008000440       0x7c C:/ST/STM32CubeIDE_1.14.0/STM32CubeIDE/plugins/com.st.stm32cube.ide.mcu.externaltools.gnu-tools-for-stm32.11.3.rel1.win32_1.1.100.202309141235/tools/bin/../lib/gcc/arm-none-eabi/11.3.1/thumb/v6-m/nofp\libgcc.a(_arm_cmpdf2.o)
                0x0000000008000440                __aeabi_cdrcmple
                0x0000000008000450                __aeabi_cdcmple
                0x0000000008000450                __aeabi_cdcmpeq
                0x0000000008000460                __aeabi_dcmpeq
                0x000000000800046c                __aeabi_dcmplt
                0x0000000008000480                __aeabi_dcmple
                0x0000000008000494                __aeabi_dcmpgt
                0x00000000080004a8                __aeabi_dcmpge
 .text          0x00000000080004bc       0x74 C:/ST/STM32CubeIDE_1.14.0/STM32CubeIDE/plugins/com.st.stm32cube.ide.mcu.externaltools.gnu-tools-for-stm32.11.3.rel1.win32_1.1.100.202309141235/tools/bin/../lib/gcc/arm-none-eabi/11.3.1/thumb/v6-m/nofp\libgcc.a(_arm_cmpsf2.o)
                0x00000000080004bc                __aeabi_cfrcmple
                0x00000000080004c4                __aeabi_cfcmpeq
                0x00000000080004c4                __aeabi_cfcmple
                0x00000000080004d4                __aeabi_fcmpeq
                0x00000000080004e0                __aeabi_fcmplt
                0x00000000080004f4                __aeabi_fcmple
                0x0000000008000508                __aeabi_fcmpgt
                0x000000000800051c                __aeabi_fcmpge
 .text          0x0000000008000530       0x40 C:/ST/STM32CubeIDE_1.14.0/STM32CubeIDE/plugins/com.st.stm32cube.ide.mcu.externaltools.gnu-tools-for-stm32.11.3.rel1.win32_1.1.100.202309141235/tools/bin/../lib/gcc/arm-none-eabi/11.3.1/thumb/v6-m/nofp\libgcc.a(_aeabi_uldivmod.o)
                0x0000000008000530                __aeabi_uldivmod
 .text          0x0000000008000570       0x3c C:/ST/STM32CubeIDE_1.14.0/STM32CubeIDE/plugins/com.st.stm32cube.ide.mcu.externaltools.gnu-tools-for-stm32.11.3.rel1.win32_1.1.100.202309141235/tools/bin/../lib/gcc/arm-none-eabi/11.3.1/thumb/v6-m/nofp\libgcc.a(_fixunsdfsi.o)
                0x0000000008000570                __aeabi_d2uiz
                0x0000000008000570                __fixunsdfsi
 .text          0x00000000080005ac       0x3c C:/ST/STM32CubeIDE_1.14.0/STM32CubeIDE/plugins/com.st.stm32cube.ide.mcu.externaltools.gnu-tools-for-stm32.11.3.rel1.win32_1.1.100.202309141235/tools/bin/../lib/gcc/arm-none-eabi/11.3.1/thumb/v6-m/nofp\libgcc.a(_fixdfdi.o)
                0x00000000080005ac                __fixdfdi
                0x00000000080005ac                __aeabi_d2lz
 .text          0x00000000080005e8       0x3c C:/ST/STM32CubeIDE_1.14.0/STM32CubeIDE/plugins/com.st.stm32cube.ide.mcu.externaltools.gnu-tools-for-stm32.11.3.rel1.win32_1.1.100.202309141235/tools/bin/../lib/gcc/arm-none-eabi/11.3.1/thumb/v6-m/nofp\libgcc.a(_fixunsdfdi.o)
                0x00000000080005e8                __fixunsdfdi
                0x00000000080005e8                __aeabi_d2ulz
 .text          0x0000000008000624       0x2c C:/ST/STM32CubeIDE_1.14.0/STM32CubeIDE/plugins/com.st.stm32cube.ide.mcu.externaltools.gnu-tools-for-stm32.11.3.rel1.win32_1.1.100.202309141235/tools/bin/../lib/gcc/arm-none-eabi/11.3.1/thumb/v6-m/nofp\libgcc.a(_floatdidf.o)
                0x0000000008000624                __aeabi_l2d
                0x0000000008000624                __floatdidf
 .text          0x0000000008000650      0x198 C:/ST/STM32CubeIDE_1.14.0/STM32CubeIDE/plugins/com.st.stm32cube.ide.mcu.externaltools.gnu-tools-for-stm32.11.3.rel1.win32_1.1.100.202309141235/tools/bin/../lib/gcc/arm-none-eabi/11.3.1/thumb/v6-m/nofp\libgcc.a(_udivmoddi4.o)
                0x0000000008000650                __udivmoddi4
 .text          0x00000000080007e8      0x340 C:/ST/STM32CubeIDE_1.14.0/STM32CubeIDE/plugins/com.st.stm32cube.ide.mcu.externaltools.gnu-tools-for-stm32.11.3.rel1.win32_1.1.100.202309141235/tools/bin/../lib/gcc/arm-none-eabi/11.3.1/thumb/v6-m/nofp\libgcc.a(addsf3.o)
                0x00000000080007e8                __aeabi_fadd
 .text          0x0000000008000b28      0x234 C:/ST/STM32CubeIDE_1.14.0/STM32CubeIDE/plugins/com.st.stm32cube.ide.mcu.externaltools.gnu-tools-for-stm32.11.3.rel1.win32_1.1.100.202309141235/tools/bin/../lib/gcc/arm-none-eabi/11.3.1/thumb/v6-m/nofp\libgcc.a(divsf3.o)
                0x0000000008000b28                __aeabi_fdiv
 .text          0x0000000008000d5c       0x4c C:/ST/STM32CubeIDE_1.14.0/STM32CubeIDE/plugins/com.st.stm32cube.ide.mcu.externaltools.gnu-tools-for-stm32.11.3.rel1.win32_1.1.100.202309141235/tools/bin/../lib/gcc/arm-none-eabi/11.3.1/thumb/v6-m/nofp\libgcc.a(eqsf2.o)
                0x0000000008000d5c                __eqsf2
                0x0000000008000d5c                __nesf2
 .text          0x0000000008000da8       0x8c C:/ST/STM32CubeIDE_1.14.0/STM32CubeIDE/plugins/com.st.stm32cube.ide.mcu.externaltools.gnu-tools-for-stm32.11.3.rel1.win32_1.1.100.202309141235/tools/bin/../lib/gcc/arm-none-eabi/11.3.1/thumb/v6-m/nofp\libgcc.a(gesf2.o)
                0x0000000008000da8                __gesf2
                0x0000000008000da8                __gtsf2
 .text          0x0000000008000e34       0x88 C:/ST/STM32CubeIDE_1.14.0/STM32CubeIDE/plugins/com.st.stm32cube.ide.mcu.externaltools.gnu-tools-for-stm32.11.3.rel1.win32_1.1.100.202309141235/tools/bin/../lib/gcc/arm-none-eabi/11.3.1/thumb/v6-m/nofp\libgcc.a(lesf2.o)
                0x0000000008000e34                __ltsf2
                0x0000000008000e34                __lesf2
 .text          0x0000000008000ebc      0x29c C:/ST/STM32CubeIDE_1.14.0/STM32CubeIDE/plugins/com.st.stm32cube.ide.mcu.externaltools.gnu-tools-for-stm32.11.3.rel1.win32_1.1.100.202309141235/tools/bin/../lib/gcc/arm-none-eabi/11.3.1/thumb/v6-m/nofp\libgcc.a(mulsf3.o)
                0x0000000008000ebc                __aeabi_fmul
 .text          0x0000000008001158       0xa4 C:/ST/STM32CubeIDE_1.14.0/STM32CubeIDE/plugins/com.st.stm32cube.ide.mcu.externaltools.gnu-tools-for-stm32.11.3.rel1.win32_1.1.100.202309141235/tools/bin/../lib/gcc/arm-none-eabi/11.3.1/thumb/v6-m/nofp\libgcc.a(floatsisf.o)
                0x0000000008001158                __aeabi_i2f
 .text          0x00000000080011fc      0x6c0 C:/ST/STM32CubeIDE_1.14.0/STM32CubeIDE/plugins/com.st.stm32cube.ide.mcu.externaltools.gnu-tools-for-stm32.11.3.rel1.win32_1.1.100.202309141235/tools/bin/../lib/gcc/arm-none-eabi/11.3.1/thumb/v6-m/nofp\libgcc.a(adddf3.o)
                0x00000000080011fc                __aeabi_dadd
 .text          0x00000000080018bc      0x5dc C:/ST/STM32CubeIDE_1.14.0/STM32CubeIDE/plugins/com.st.stm32cube.ide.mcu.externaltools.gnu-tools-for-stm32.11.3.rel1.win32_1.1.100.202309141235/tools/bin/../lib/gcc/arm-none-eabi/11.3.1/thumb/v6-m/nofp\libgcc.a(divdf3.o)
                0x00000000080018bc                __aeabi_ddiv
 .text          0x0000000008001e98       0x84 C:/ST/STM32CubeIDE_1.14.0/STM32CubeIDE/plugins/com.st.stm32cube.ide.mcu.externaltools.gnu-tools-for-stm32.11.3.rel1.win32_1.1.100.202309141235/tools/bin/../lib/gcc/arm-none-eabi/11.3.1/thumb/v6-m/nofp\libgcc.a(eqdf2.o)
                0x0000000008001e98                __nedf2
                0x0000000008001e98                __eqdf2
 .text          0x0000000008001f1c       0xcc C:/ST/STM32CubeIDE_1.14.0/STM32CubeIDE/plugins/com.st.stm32cube.ide.mcu.externaltools.gnu-tools-for-stm32.11.3.rel1.win32_1.1.100.202309141235/tools/bin/../lib/gcc/arm-none-eabi/11.3.1/thumb/v6-m/nofp\libgcc.a(gedf2.o)
                0x0000000008001f1c                __gedf2
                0x0000000008001f1c                __gtdf2
 .text          0x0000000008001fe8       0xc8 C:/ST/STM32CubeIDE_1.14.0/STM32CubeIDE/plugins/com.st.stm32cube.ide.mcu.externaltools.gnu-tools-for-stm32.11.3.rel1.win32_1.1.100.202309141235/tools/bin/../lib/gcc/arm-none-eabi/11.3.1/thumb/v6-m/nofp\libgcc.a(ledf2.o)
                0x0000000008001fe8                __ledf2
                0x0000000008001fe8                __ltdf2
 .text          0x00000000080020b0      0x584 C:/ST/STM32CubeIDE_1.14.0/STM32CubeIDE/plugins/com.st.stm32cube.ide.mcu.externaltools.gnu-tools-for-stm32.11.3.rel1.win32_1.1.100.202309141235/tools/bin/../lib/gcc/arm-none-eabi/11.3.1/thumb/v6-m/nofp\libgcc.a(muldf3.o)
                0x00000000080020b0                __aeabi_dmul
 .text          0x0000000008002634      0x704 C:/ST/STM32CubeIDE_1.14.0/STM32CubeIDE/plugins/com.st.stm32cube.ide.mcu.externaltools.gnu-tools-for-stm32.11.3.rel1.win32_1.1.100.202309141235/tools/bin/../lib/gcc/arm-none-eabi/11.3.1/thumb/v6-m/nofp\libgcc.a(subdf3.o)
                0x0000000008002634                __aeabi_dsub
 .text          0x0000000008002d38       0x6c C:/ST/STM32CubeIDE_1.14.0/STM32CubeIDE/plugins/com.st.stm32cube.ide.mcu.externaltools.gnu-tools-for-stm32.11.3.rel1.win32_1.1.100.202309141235/tools/bin/../lib/gcc/arm-none-eabi/11.3.1/thumb/v6-m/nofp\libgcc.a(fixdfsi.o)
                0x0000000008002d38                __aeabi_d2iz
 .text          0x0000000008002da4       0x60 C:/ST/STM32CubeIDE_1.14.0/STM32CubeIDE/plugins/com.st.stm32cube.ide.mcu.externaltools.gnu-tools-for-stm32.11.3.rel1.win32_1.1.100.202309141235/tools/bin/../lib/gcc/arm-none-eabi/11.3.1/thumb/v6-m/nofp\libgcc.a(floatsidf.o)
                0x0000000008002da4                __aeabi_i2d
 .text          0x0000000008002e04       0x4c C:/ST/STM32CubeIDE_1.14.0/STM32CubeIDE/plugins/com.st.stm32cube.ide.mcu.externaltools.gnu-tools-for-stm32.11.3.rel1.win32_1.1.100.202309141235/tools/bin/../lib/gcc/arm-none-eabi/11.3.1/thumb/v6-m/nofp\libgcc.a(floatunsidf.o)
                0x0000000008002e04                __aeabi_ui2d
 .text          0x0000000008002e50      0x10c C:/ST/STM32CubeIDE_1.14.0/STM32CubeIDE/plugins/com.st.stm32cube.ide.mcu.externaltools.gnu-tools-for-stm32.11.3.rel1.win32_1.1.100.202309141235/tools/bin/../lib/gcc/arm-none-eabi/11.3.1/thumb/v6-m/nofp\libgcc.a(truncdfsf2.o)
                0x0000000008002e50                __aeabi_d2f
 .text          0x0000000008002f5c       0x3c C:/ST/STM32CubeIDE_1.14.0/STM32CubeIDE/plugins/com.st.stm32cube.ide.mcu.externaltools.gnu-tools-for-stm32.11.3.rel1.win32_1.1.100.202309141235/tools/bin/../lib/gcc/arm-none-eabi/11.3.1/thumb/v6-m/nofp\libgcc.a(_clzsi2.o)
                0x0000000008002f5c                __clzsi2
 .text          0x0000000008002f98       0x18 C:/ST/STM32CubeIDE_1.14.0/STM32CubeIDE/plugins/com.st.stm32cube.ide.mcu.externaltools.gnu-tools-for-stm32.11.3.rel1.win32_1.1.100.202309141235/tools/bin/../lib/gcc/arm-none-eabi/11.3.1/thumb/v6-m/nofp\libgcc.a(_clzdi2.o)
                0x0000000008002f98                __clzdi2
 *(.text*)
 .text.Check_GPS_Pack
                0x0000000008002fb0       0xb8 ./Core/Src/gps.o
                0x0000000008002fb0                Check_GPS_Pack
 .text.HexASCII_to_Hex
                0x0000000008003068       0x66 ./Core/Src/gps.o
                0x0000000008003068                HexASCII_to_Hex
 *fill*         0x00000000080030ce        0x2 
 .text.GPS_Parse_GNGGA
                0x00000000080030d0      0x2f4 ./Core/Src/gps.o
                0x00000000080030d0                GPS_Parse_GNGGA
 .text.GetField
                0x00000000080033c4      0x15a ./Core/Src/gps.o
 *fill*         0x000000000800351e        0x2 
 .text.get_gsm_string
                0x0000000008003520       0xb0 ./Core/Src/gsm.o
                0x0000000008003520                get_gsm_string
 .text.timeout  0x00000000080035d0       0x26 ./Core/Src/gsm.o
                0x00000000080035d0                timeout
 *fill*         0x00000000080035f6        0x2 
 .text.gsm_write
                0x00000000080035f8       0x44 ./Core/Src/gsm.o
                0x00000000080035f8                gsm_write
 .text.digit_read
                0x000000000800363c       0x74 ./Core/Src/gsm.o
                0x000000000800363c                digit_read
 .text.gsm      0x00000000080036b0      0x5a4 ./Core/Src/gsm.o
                0x00000000080036b0                gsm
 .text.lis2dh12_read_reg
                0x0000000008003c54       0x42 ./Core/Src/lis2dh12_reg.o
                0x0000000008003c54                lis2dh12_read_reg
 .text.lis2dh12_write_reg
                0x0000000008003c96       0x42 ./Core/Src/lis2dh12_reg.o
                0x0000000008003c96                lis2dh12_write_reg
 .text.lis2dh12_from_fs2_hr_to_mg
                0x0000000008003cd8       0x2e ./Core/Src/lis2dh12_reg.o
                0x0000000008003cd8                lis2dh12_from_fs2_hr_to_mg
 *fill*         0x0000000008003d06        0x2 
 .text.lis2dh12_from_lsb_hr_to_celsius
                0x0000000008003d08       0x48 ./Core/Src/lis2dh12_reg.o
                0x0000000008003d08                lis2dh12_from_lsb_hr_to_celsius
 .text.lis2dh12_temp_data_ready_get
                0x0000000008003d50       0x36 ./Core/Src/lis2dh12_reg.o
                0x0000000008003d50                lis2dh12_temp_data_ready_get
 .text.lis2dh12_temperature_raw_get
                0x0000000008003d86       0x24 ./Core/Src/lis2dh12_reg.o
                0x0000000008003d86                lis2dh12_temperature_raw_get
 .text.lis2dh12_temperature_meas_set
                0x0000000008003daa       0x5c ./Core/Src/lis2dh12_reg.o
                0x0000000008003daa                lis2dh12_temperature_meas_set
 .text.lis2dh12_operating_mode_set
                0x0000000008003e06       0xd2 ./Core/Src/lis2dh12_reg.o
                0x0000000008003e06                lis2dh12_operating_mode_set
 .text.lis2dh12_data_rate_set
                0x0000000008003ed8       0x5c ./Core/Src/lis2dh12_reg.o
                0x0000000008003ed8                lis2dh12_data_rate_set
 .text.lis2dh12_full_scale_set
                0x0000000008003f34       0x60 ./Core/Src/lis2dh12_reg.o
                0x0000000008003f34                lis2dh12_full_scale_set
 .text.lis2dh12_block_data_update_set
                0x0000000008003f94       0x5c ./Core/Src/lis2dh12_reg.o
                0x0000000008003f94                lis2dh12_block_data_update_set
 .text.lis2dh12_xl_data_ready_get
                0x0000000008003ff0       0x36 ./Core/Src/lis2dh12_reg.o
                0x0000000008003ff0                lis2dh12_xl_data_ready_get
 .text.lis2dh12_acceleration_raw_get
                0x0000000008004026       0x24 ./Core/Src/lis2dh12_reg.o
                0x0000000008004026                lis2dh12_acceleration_raw_get
 .text.lis2dh12_device_id_get
                0x000000000800404a       0x24 ./Core/Src/lis2dh12_reg.o
                0x000000000800404a                lis2dh12_device_id_get
 *fill*         0x000000000800406e        0x2 
 .text.main     0x0000000008004070       0xa0 ./Core/Src/main.o
                0x0000000008004070                main
 .text.SystemClock_Config
                0x0000000008004110       0x90 ./Core/Src/main.o
                0x0000000008004110                SystemClock_Config
 .text.MX_I2C2_Init
                0x00000000080041a0       0x84 ./Core/Src/main.o
 .text.MX_USART1_UART_Init
                0x0000000008004224       0x9c ./Core/Src/main.o
 .text.MX_USART3_UART_Init
                0x00000000080042c0       0x9c ./Core/Src/main.o
 .text.MX_GPIO_Init
                0x000000000800435c      0x168 ./Core/Src/main.o
 .text.StartDefaultTask
                0x00000000080044c4       0x10 ./Core/Src/main.o
                0x00000000080044c4                StartDefaultTask
 .text.GPS_Task
                0x00000000080044d4      0x134 ./Core/Src/main.o
                0x00000000080044d4                GPS_Task
 .text.HAL_UART_RxCpltCallback
                0x0000000008004608       0x58 ./Core/Src/main.o
                0x0000000008004608                HAL_UART_RxCpltCallback
 .text.HAL_UART_ErrorCallback
                0x0000000008004660       0x3c ./Core/Src/main.o
                0x0000000008004660                HAL_UART_ErrorCallback
 .text.GSM_Task
                0x000000000800469c       0xc8 ./Core/Src/main.o
                0x000000000800469c                GSM_Task
 .text.platform_write
                0x0000000008004764       0x64 ./Core/Src/main.o
 .text.platform_read
                0x00000000080047c8       0x64 ./Core/Src/main.o
 .text.LIS_Task
                0x000000000800482c      0x1d4 ./Core/Src/main.o
                0x000000000800482c                LIS_Task
 .text.HAL_TIM_PeriodElapsedCallback
                0x0000000008004a00       0x24 ./Core/Src/main.o
                0x0000000008004a00                HAL_TIM_PeriodElapsedCallback
 .text.Error_Handler
                0x0000000008004a24        0xa ./Core/Src/main.o
                0x0000000008004a24                Error_Handler
 *fill*         0x0000000008004a2e        0x2 
 .text.HAL_MspInit
                0x0000000008004a30       0x60 ./Core/Src/stm32g0xx_hal_msp.o
                0x0000000008004a30                HAL_MspInit
 .text.HAL_I2C_MspInit
                0x0000000008004a90      0x110 ./Core/Src/stm32g0xx_hal_msp.o
                0x0000000008004a90                HAL_I2C_MspInit
 .text.HAL_UART_MspInit
                0x0000000008004ba0      0x1c0 ./Core/Src/stm32g0xx_hal_msp.o
                0x0000000008004ba0                HAL_UART_MspInit
 .text.HAL_InitTick
                0x0000000008004d60      0x10c ./Core/Src/stm32g0xx_hal_timebase_tim.o
                0x0000000008004d60                HAL_InitTick
 .text.NMI_Handler
                0x0000000008004e6c        0x6 ./Core/Src/stm32g0xx_it.o
                0x0000000008004e6c                NMI_Handler
 .text.HardFault_Handler
                0x0000000008004e72        0x6 ./Core/Src/stm32g0xx_it.o
                0x0000000008004e72                HardFault_Handler
 .text.TIM1_BRK_UP_TRG_COM_IRQHandler
                0x0000000008004e78       0x18 ./Core/Src/stm32g0xx_it.o
                0x0000000008004e78                TIM1_BRK_UP_TRG_COM_IRQHandler
 .text.USART1_IRQHandler
                0x0000000008004e90       0x18 ./Core/Src/stm32g0xx_it.o
                0x0000000008004e90                USART1_IRQHandler
 .text.USART3_4_5_6_LPUART1_IRQHandler
                0x0000000008004ea8       0x18 ./Core/Src/stm32g0xx_it.o
                0x0000000008004ea8                USART3_4_5_6_LPUART1_IRQHandler
 .text._getpid  0x0000000008004ec0        0xc ./Core/Src/syscalls.o
                0x0000000008004ec0                _getpid
 .text._kill    0x0000000008004ecc       0x20 ./Core/Src/syscalls.o
                0x0000000008004ecc                _kill
 .text._exit    0x0000000008004eec       0x18 ./Core/Src/syscalls.o
                0x0000000008004eec                _exit
 .text._read    0x0000000008004f04       0x3a ./Core/Src/syscalls.o
                0x0000000008004f04                _read
 .text._write   0x0000000008004f3e       0x38 ./Core/Src/syscalls.o
                0x0000000008004f3e                _write
 .text._close   0x0000000008004f76       0x14 ./Core/Src/syscalls.o
                0x0000000008004f76                _close
 .text._fstat   0x0000000008004f8a       0x1c ./Core/Src/syscalls.o
                0x0000000008004f8a                _fstat
 .text._isatty  0x0000000008004fa6       0x12 ./Core/Src/syscalls.o
                0x0000000008004fa6                _isatty
 .text._lseek   0x0000000008004fb8       0x16 ./Core/Src/syscalls.o
                0x0000000008004fb8                _lseek
 *fill*         0x0000000008004fce        0x2 
 .text._sbrk    0x0000000008004fd0       0x6c ./Core/Src/sysmem.o
                0x0000000008004fd0                _sbrk
 .text.SystemInit
                0x000000000800503c        0xa ./Core/Src/system_stm32g0xx.o
                0x000000000800503c                SystemInit
 *fill*         0x0000000008005046        0x2 
 .text.Reset_Handler
                0x0000000008005048       0x50 ./Core/Startup/startup_stm32g0b1retx.o
                0x0000000008005048                Reset_Handler
 .text.Default_Handler
                0x0000000008005098        0x2 ./Core/Startup/startup_stm32g0b1retx.o
                0x0000000008005098                I2C2_3_IRQHandler
                0x0000000008005098                TIM1_CC_IRQHandler
                0x0000000008005098                ADC1_COMP_IRQHandler
                0x0000000008005098                I2C1_IRQHandler
                0x0000000008005098                TIM7_LPTIM2_IRQHandler
                0x0000000008005098                TIM17_FDCAN_IT1_IRQHandler
                0x0000000008005098                DMA1_Ch4_7_DMA2_Ch1_5_DMAMUX1_OVR_IRQHandler
                0x0000000008005098                RCC_CRS_IRQHandler
                0x0000000008005098                RTC_TAMP_IRQHandler
                0x0000000008005098                SPI1_IRQHandler
                0x0000000008005098                USB_UCPD1_2_IRQHandler
                0x0000000008005098                EXTI2_3_IRQHandler
                0x0000000008005098                USART2_LPUART2_IRQHandler
                0x0000000008005098                PVD_VDDIO2_IRQHandler
                0x0000000008005098                EXTI4_15_IRQHandler
                0x0000000008005098                DMA1_Channel1_IRQHandler
                0x0000000008005098                Default_Handler
                0x0000000008005098                CEC_IRQHandler
                0x0000000008005098                TIM14_IRQHandler
                0x0000000008005098                TIM15_IRQHandler
                0x0000000008005098                TIM3_TIM4_IRQHandler
                0x0000000008005098                EXTI0_1_IRQHandler
                0x0000000008005098                SPI2_3_IRQHandler
                0x0000000008005098                TIM6_DAC_LPTIM1_IRQHandler
                0x0000000008005098                WWDG_IRQHandler
                0x0000000008005098                TIM2_IRQHandler
                0x0000000008005098                DMA1_Channel2_3_IRQHandler
                0x0000000008005098                FLASH_IRQHandler
                0x0000000008005098                TIM16_FDCAN_IT0_IRQHandler
 *fill*         0x000000000800509a        0x2 
 .text.HAL_Init
                0x000000000800509c       0x40 ./Drivers/STM32G0xx_HAL_Driver/Src/stm32g0xx_hal.o
                0x000000000800509c                HAL_Init
 .text.HAL_IncTick
                0x00000000080050dc       0x24 ./Drivers/STM32G0xx_HAL_Driver/Src/stm32g0xx_hal.o
                0x00000000080050dc                HAL_IncTick
 .text.HAL_GetTick
                0x0000000008005100       0x14 ./Drivers/STM32G0xx_HAL_Driver/Src/stm32g0xx_hal.o
                0x0000000008005100                HAL_GetTick
 .text.HAL_SYSCFG_StrobeDBattpinsConfig
                0x0000000008005114       0x2c ./Drivers/STM32G0xx_HAL_Driver/Src/stm32g0xx_hal.o
                0x0000000008005114                HAL_SYSCFG_StrobeDBattpinsConfig
 .text.__NVIC_EnableIRQ
                0x0000000008005140       0x34 ./Drivers/STM32G0xx_HAL_Driver/Src/stm32g0xx_hal_cortex.o
 .text.__NVIC_SetPriority
                0x0000000008005174       0xdc ./Drivers/STM32G0xx_HAL_Driver/Src/stm32g0xx_hal_cortex.o
 .text.HAL_NVIC_SetPriority
                0x0000000008005250       0x2a ./Drivers/STM32G0xx_HAL_Driver/Src/stm32g0xx_hal_cortex.o
                0x0000000008005250                HAL_NVIC_SetPriority
 .text.HAL_NVIC_EnableIRQ
                0x000000000800527a       0x20 ./Drivers/STM32G0xx_HAL_Driver/Src/stm32g0xx_hal_cortex.o
                0x000000000800527a                HAL_NVIC_EnableIRQ
 *fill*         0x000000000800529a        0x2 
 .text.HAL_DMA_Abort
                0x000000000800529c       0xc0 ./Drivers/STM32G0xx_HAL_Driver/Src/stm32g0xx_hal_dma.o
                0x000000000800529c                HAL_DMA_Abort
 .text.HAL_DMA_Abort_IT
                0x000000000800535c       0xd0 ./Drivers/STM32G0xx_HAL_Driver/Src/stm32g0xx_hal_dma.o
                0x000000000800535c                HAL_DMA_Abort_IT
 .text.HAL_GPIO_Init
                0x000000000800542c      0x2d8 ./Drivers/STM32G0xx_HAL_Driver/Src/stm32g0xx_hal_gpio.o
                0x000000000800542c                HAL_GPIO_Init
 .text.HAL_GPIO_WritePin
                0x0000000008005704       0x3a ./Drivers/STM32G0xx_HAL_Driver/Src/stm32g0xx_hal_gpio.o
                0x0000000008005704                HAL_GPIO_WritePin
 *fill*         0x000000000800573e        0x2 
 .text.HAL_I2C_Init
                0x0000000008005740      0x12c ./Drivers/STM32G0xx_HAL_Driver/Src/stm32g0xx_hal_i2c.o
                0x0000000008005740                HAL_I2C_Init
 .text.HAL_I2C_Mem_Write
                0x000000000800586c      0x25c ./Drivers/STM32G0xx_HAL_Driver/Src/stm32g0xx_hal_i2c.o
                0x000000000800586c                HAL_I2C_Mem_Write
 .text.HAL_I2C_Mem_Read
                0x0000000008005ac8      0x268 ./Drivers/STM32G0xx_HAL_Driver/Src/stm32g0xx_hal_i2c.o
                0x0000000008005ac8                HAL_I2C_Mem_Read
 .text.I2C_RequestMemoryWrite
                0x0000000008005d30       0xc8 ./Drivers/STM32G0xx_HAL_Driver/Src/stm32g0xx_hal_i2c.o
 .text.I2C_RequestMemoryRead
                0x0000000008005df8       0xc4 ./Drivers/STM32G0xx_HAL_Driver/Src/stm32g0xx_hal_i2c.o
 .text.I2C_Flush_TXDR
                0x0000000008005ebc       0x44 ./Drivers/STM32G0xx_HAL_Driver/Src/stm32g0xx_hal_i2c.o
 .text.I2C_WaitOnFlagUntilTimeout
                0x0000000008005f00       0x7e ./Drivers/STM32G0xx_HAL_Driver/Src/stm32g0xx_hal_i2c.o
 .text.I2C_WaitOnTXISFlagUntilTimeout
                0x0000000008005f7e       0x7e ./Drivers/STM32G0xx_HAL_Driver/Src/stm32g0xx_hal_i2c.o
 .text.I2C_WaitOnSTOPFlagUntilTimeout
                0x0000000008005ffc       0x78 ./Drivers/STM32G0xx_HAL_Driver/Src/stm32g0xx_hal_i2c.o
 .text.I2C_IsErrorOccurred
                0x0000000008006074      0x200 ./Drivers/STM32G0xx_HAL_Driver/Src/stm32g0xx_hal_i2c.o
 .text.I2C_TransferConfig
                0x0000000008006274       0x74 ./Drivers/STM32G0xx_HAL_Driver/Src/stm32g0xx_hal_i2c.o
 .text.HAL_I2CEx_ConfigAnalogFilter
                0x00000000080062e8       0x98 ./Drivers/STM32G0xx_HAL_Driver/Src/stm32g0xx_hal_i2c_ex.o
                0x00000000080062e8                HAL_I2CEx_ConfigAnalogFilter
 .text.HAL_I2CEx_ConfigDigitalFilter
                0x0000000008006380       0x98 ./Drivers/STM32G0xx_HAL_Driver/Src/stm32g0xx_hal_i2c_ex.o
                0x0000000008006380                HAL_I2CEx_ConfigDigitalFilter
 .text.HAL_PWREx_ControlVoltageScaling
                0x0000000008006418       0x80 ./Drivers/STM32G0xx_HAL_Driver/Src/stm32g0xx_hal_pwr_ex.o
                0x0000000008006418                HAL_PWREx_ControlVoltageScaling
 .text.LL_RCC_GetAPB1Prescaler
                0x0000000008006498       0x18 ./Drivers/STM32G0xx_HAL_Driver/Src/stm32g0xx_hal_rcc.o
 .text.HAL_RCC_OscConfig
                0x00000000080064b0      0x6c0 ./Drivers/STM32G0xx_HAL_Driver/Src/stm32g0xx_hal_rcc.o
                0x00000000080064b0                HAL_RCC_OscConfig
 .text.HAL_RCC_ClockConfig
                0x0000000008006b70      0x210 ./Drivers/STM32G0xx_HAL_Driver/Src/stm32g0xx_hal_rcc.o
                0x0000000008006b70                HAL_RCC_ClockConfig
 .text.HAL_RCC_GetSysClockFreq
                0x0000000008006d80      0x104 ./Drivers/STM32G0xx_HAL_Driver/Src/stm32g0xx_hal_rcc.o
                0x0000000008006d80                HAL_RCC_GetSysClockFreq
 .text.HAL_RCC_GetHCLKFreq
                0x0000000008006e84       0x14 ./Drivers/STM32G0xx_HAL_Driver/Src/stm32g0xx_hal_rcc.o
                0x0000000008006e84                HAL_RCC_GetHCLKFreq
 .text.HAL_RCC_GetPCLK1Freq
                0x0000000008006e98       0x2c ./Drivers/STM32G0xx_HAL_Driver/Src/stm32g0xx_hal_rcc.o
                0x0000000008006e98                HAL_RCC_GetPCLK1Freq
 .text.HAL_RCC_GetClockConfig
                0x0000000008006ec4       0x54 ./Drivers/STM32G0xx_HAL_Driver/Src/stm32g0xx_hal_rcc.o
                0x0000000008006ec4                HAL_RCC_GetClockConfig
 .text.HAL_RCCEx_PeriphCLKConfig
                0x0000000008006f18      0x478 ./Drivers/STM32G0xx_HAL_Driver/Src/stm32g0xx_hal_rcc_ex.o
                0x0000000008006f18                HAL_RCCEx_PeriphCLKConfig
 .text.HAL_TIM_Base_Init
                0x0000000008007390       0xb0 ./Drivers/STM32G0xx_HAL_Driver/Src/stm32g0xx_hal_tim.o
                0x0000000008007390                HAL_TIM_Base_Init
 .text.HAL_TIM_Base_MspInit
                0x0000000008007440       0x10 ./Drivers/STM32G0xx_HAL_Driver/Src/stm32g0xx_hal_tim.o
                0x0000000008007440                HAL_TIM_Base_MspInit
 .text.HAL_TIM_Base_Start_IT
                0x0000000008007450       0xc4 ./Drivers/STM32G0xx_HAL_Driver/Src/stm32g0xx_hal_tim.o
                0x0000000008007450                HAL_TIM_Base_Start_IT
 .text.HAL_TIM_IRQHandler
                0x0000000008007514      0x264 ./Drivers/STM32G0xx_HAL_Driver/Src/stm32g0xx_hal_tim.o
                0x0000000008007514                HAL_TIM_IRQHandler
 .text.HAL_TIM_OC_DelayElapsedCallback
                0x0000000008007778       0x10 ./Drivers/STM32G0xx_HAL_Driver/Src/stm32g0xx_hal_tim.o
                0x0000000008007778                HAL_TIM_OC_DelayElapsedCallback
 .text.HAL_TIM_IC_CaptureCallback
                0x0000000008007788       0x10 ./Drivers/STM32G0xx_HAL_Driver/Src/stm32g0xx_hal_tim.o
                0x0000000008007788                HAL_TIM_IC_CaptureCallback
 .text.HAL_TIM_PWM_PulseFinishedCallback
                0x0000000008007798       0x10 ./Drivers/STM32G0xx_HAL_Driver/Src/stm32g0xx_hal_tim.o
                0x0000000008007798                HAL_TIM_PWM_PulseFinishedCallback
 .text.HAL_TIM_TriggerCallback
                0x00000000080077a8       0x10 ./Drivers/STM32G0xx_HAL_Driver/Src/stm32g0xx_hal_tim.o
                0x00000000080077a8                HAL_TIM_TriggerCallback
 .text.TIM_Base_SetConfig
                0x00000000080077b8      0x114 ./Drivers/STM32G0xx_HAL_Driver/Src/stm32g0xx_hal_tim.o
                0x00000000080077b8                TIM_Base_SetConfig
 .text.HAL_TIMEx_CommutCallback
                0x00000000080078cc       0x10 ./Drivers/STM32G0xx_HAL_Driver/Src/stm32g0xx_hal_tim_ex.o
                0x00000000080078cc                HAL_TIMEx_CommutCallback
 .text.HAL_TIMEx_BreakCallback
                0x00000000080078dc       0x10 ./Drivers/STM32G0xx_HAL_Driver/Src/stm32g0xx_hal_tim_ex.o
                0x00000000080078dc                HAL_TIMEx_BreakCallback
 .text.HAL_TIMEx_Break2Callback
                0x00000000080078ec       0x10 ./Drivers/STM32G0xx_HAL_Driver/Src/stm32g0xx_hal_tim_ex.o
                0x00000000080078ec                HAL_TIMEx_Break2Callback
 .text.HAL_UART_Init
                0x00000000080078fc       0xac ./Drivers/STM32G0xx_HAL_Driver/Src/stm32g0xx_hal_uart.o
                0x00000000080078fc                HAL_UART_Init
 .text.HAL_UART_Transmit_IT
                0x00000000080079a8      0x150 ./Drivers/STM32G0xx_HAL_Driver/Src/stm32g0xx_hal_uart.o
                0x00000000080079a8                HAL_UART_Transmit_IT
 .text.HAL_UART_Receive_IT
                0x0000000008007af8       0xcc ./Drivers/STM32G0xx_HAL_Driver/Src/stm32g0xx_hal_uart.o
                0x0000000008007af8                HAL_UART_Receive_IT
 .text.HAL_UART_IRQHandler
                0x0000000008007bc4      0x64c ./Drivers/STM32G0xx_HAL_Driver/Src/stm32g0xx_hal_uart.o
                0x0000000008007bc4                HAL_UART_IRQHandler
 .text.HAL_UART_TxCpltCallback
                0x0000000008008210       0x10 ./Drivers/STM32G0xx_HAL_Driver/Src/stm32g0xx_hal_uart.o
                0x0000000008008210                HAL_UART_TxCpltCallback
 .text.HAL_UARTEx_RxEventCallback
                0x0000000008008220       0x16 ./Drivers/STM32G0xx_HAL_Driver/Src/stm32g0xx_hal_uart.o
                0x0000000008008220                HAL_UARTEx_RxEventCallback
 .text.HAL_UART_GetState
                0x0000000008008236       0x26 ./Drivers/STM32G0xx_HAL_Driver/Src/stm32g0xx_hal_uart.o
                0x0000000008008236                HAL_UART_GetState
 .text.UART_SetConfig
                0x000000000800825c      0x6ac ./Drivers/STM32G0xx_HAL_Driver/Src/stm32g0xx_hal_uart.o
                0x000000000800825c                UART_SetConfig
 .text.UART_AdvFeatureConfig
                0x0000000008008908      0x168 ./Drivers/STM32G0xx_HAL_Driver/Src/stm32g0xx_hal_uart.o
                0x0000000008008908                UART_AdvFeatureConfig
 .text.UART_CheckIdleState
                0x0000000008008a70       0x9c ./Drivers/STM32G0xx_HAL_Driver/Src/stm32g0xx_hal_uart.o
                0x0000000008008a70                UART_CheckIdleState
 .text.UART_WaitOnFlagUntilTimeout
                0x0000000008008b0c      0x190 ./Drivers/STM32G0xx_HAL_Driver/Src/stm32g0xx_hal_uart.o
                0x0000000008008b0c                UART_WaitOnFlagUntilTimeout
 .text.UART_Start_Receive_IT
                0x0000000008008c9c      0x248 ./Drivers/STM32G0xx_HAL_Driver/Src/stm32g0xx_hal_uart.o
                0x0000000008008c9c                UART_Start_Receive_IT
 .text.UART_EndRxTransfer
                0x0000000008008ee4       0xcc ./Drivers/STM32G0xx_HAL_Driver/Src/stm32g0xx_hal_uart.o
 .text.UART_DMAAbortOnError
                0x0000000008008fb0       0x2e ./Drivers/STM32G0xx_HAL_Driver/Src/stm32g0xx_hal_uart.o
 .text.UART_TxISR_8BIT
                0x0000000008008fde       0xb4 ./Drivers/STM32G0xx_HAL_Driver/Src/stm32g0xx_hal_uart.o
 .text.UART_TxISR_16BIT
                0x0000000008009092       0xbe ./Drivers/STM32G0xx_HAL_Driver/Src/stm32g0xx_hal_uart.o
 .text.UART_TxISR_8BIT_FIFOEN
                0x0000000008009150       0xec ./Drivers/STM32G0xx_HAL_Driver/Src/stm32g0xx_hal_uart.o
 .text.UART_TxISR_16BIT_FIFOEN
                0x000000000800923c       0xf4 ./Drivers/STM32G0xx_HAL_Driver/Src/stm32g0xx_hal_uart.o
 .text.UART_EndTransmit_IT
                0x0000000008009330       0x58 ./Drivers/STM32G0xx_HAL_Driver/Src/stm32g0xx_hal_uart.o
 .text.UART_RxISR_8BIT
                0x0000000008009388      0x174 ./Drivers/STM32G0xx_HAL_Driver/Src/stm32g0xx_hal_uart.o
 .text.UART_RxISR_16BIT
                0x00000000080094fc      0x174 ./Drivers/STM32G0xx_HAL_Driver/Src/stm32g0xx_hal_uart.o
 .text.UART_RxISR_8BIT_FIFOEN
                0x0000000008009670      0x2ec ./Drivers/STM32G0xx_HAL_Driver/Src/stm32g0xx_hal_uart.o
 .text.UART_RxISR_16BIT_FIFOEN
                0x000000000800995c      0x2ec ./Drivers/STM32G0xx_HAL_Driver/Src/stm32g0xx_hal_uart.o
 .text.HAL_UARTEx_WakeupCallback
                0x0000000008009c48       0x10 ./Drivers/STM32G0xx_HAL_Driver/Src/stm32g0xx_hal_uart_ex.o
                0x0000000008009c48                HAL_UARTEx_WakeupCallback
 .text.HAL_UARTEx_RxFifoFullCallback
                0x0000000008009c58       0x10 ./Drivers/STM32G0xx_HAL_Driver/Src/stm32g0xx_hal_uart_ex.o
                0x0000000008009c58                HAL_UARTEx_RxFifoFullCallback
 .text.HAL_UARTEx_TxFifoEmptyCallback
                0x0000000008009c68       0x10 ./Drivers/STM32G0xx_HAL_Driver/Src/stm32g0xx_hal_uart_ex.o
                0x0000000008009c68                HAL_UARTEx_TxFifoEmptyCallback
 .text.HAL_UARTEx_DisableFifoMode
                0x0000000008009c78       0x74 ./Drivers/STM32G0xx_HAL_Driver/Src/stm32g0xx_hal_uart_ex.o
                0x0000000008009c78                HAL_UARTEx_DisableFifoMode
 .text.HAL_UARTEx_SetTxFifoThreshold
                0x0000000008009cec       0x7e ./Drivers/STM32G0xx_HAL_Driver/Src/stm32g0xx_hal_uart_ex.o
                0x0000000008009cec                HAL_UARTEx_SetTxFifoThreshold
 *fill*         0x0000000008009d6a        0x2 
 .text.HAL_UARTEx_SetRxFifoThreshold
                0x0000000008009d6c       0x84 ./Drivers/STM32G0xx_HAL_Driver/Src/stm32g0xx_hal_uart_ex.o
                0x0000000008009d6c                HAL_UARTEx_SetRxFifoThreshold
 .text.UARTEx_SetNbDataToProcess
                0x0000000008009df0       0xbc ./Drivers/STM32G0xx_HAL_Driver/Src/stm32g0xx_hal_uart_ex.o
 .text.__NVIC_SetPriority
                0x0000000008009eac       0xdc ./Middlewares/Third_Party/FreeRTOS/Source/CMSIS_RTOS_V2/cmsis_os2.o
 .text.SysTick_Handler
                0x0000000008009f88       0x20 ./Middlewares/Third_Party/FreeRTOS/Source/CMSIS_RTOS_V2/cmsis_os2.o
                0x0000000008009f88                SysTick_Handler
 .text.SVC_Setup
                0x0000000008009fa8       0x16 ./Middlewares/Third_Party/FreeRTOS/Source/CMSIS_RTOS_V2/cmsis_os2.o
 *fill*         0x0000000008009fbe        0x2 
 .text.osKernelInitialize
                0x0000000008009fc0       0x44 ./Middlewares/Third_Party/FreeRTOS/Source/CMSIS_RTOS_V2/cmsis_os2.o
                0x0000000008009fc0                osKernelInitialize
 .text.osKernelStart
                0x000000000800a004       0x4c ./Middlewares/Third_Party/FreeRTOS/Source/CMSIS_RTOS_V2/cmsis_os2.o
                0x000000000800a004                osKernelStart
 .text.osThreadNew
                0x000000000800a050      0x12c ./Middlewares/Third_Party/FreeRTOS/Source/CMSIS_RTOS_V2/cmsis_os2.o
                0x000000000800a050                osThreadNew
 .text.osDelay  0x000000000800a17c       0x38 ./Middlewares/Third_Party/FreeRTOS/Source/CMSIS_RTOS_V2/cmsis_os2.o
                0x000000000800a17c                osDelay
 .text.vApplicationGetIdleTaskMemory
                0x000000000800a1b4       0x30 ./Middlewares/Third_Party/FreeRTOS/Source/CMSIS_RTOS_V2/cmsis_os2.o
                0x000000000800a1b4                vApplicationGetIdleTaskMemory
 .text.vApplicationGetTimerTaskMemory
                0x000000000800a1e4       0x30 ./Middlewares/Third_Party/FreeRTOS/Source/CMSIS_RTOS_V2/cmsis_os2.o
                0x000000000800a1e4                vApplicationGetTimerTaskMemory
 .text.vListInitialise
                0x000000000800a214       0x3c ./Middlewares/Third_Party/FreeRTOS/Source/list.o
                0x000000000800a214                vListInitialise
 .text.vListInitialiseItem
                0x000000000800a250       0x16 ./Middlewares/Third_Party/FreeRTOS/Source/list.o
                0x000000000800a250                vListInitialiseItem
 .text.vListInsertEnd
                0x000000000800a266       0x44 ./Middlewares/Third_Party/FreeRTOS/Source/list.o
                0x000000000800a266                vListInsertEnd
 .text.vListInsert
                0x000000000800a2aa       0x6c ./Middlewares/Third_Party/FreeRTOS/Source/list.o
                0x000000000800a2aa                vListInsert
 .text.uxListRemove
                0x000000000800a316       0x50 ./Middlewares/Third_Party/FreeRTOS/Source/list.o
                0x000000000800a316                uxListRemove
 .text.xQueueGenericReset
                0x000000000800a366       0xa8 ./Middlewares/Third_Party/FreeRTOS/Source/queue.o
                0x000000000800a366                xQueueGenericReset
 .text.xQueueGenericCreateStatic
                0x000000000800a40e       0x98 ./Middlewares/Third_Party/FreeRTOS/Source/queue.o
                0x000000000800a40e                xQueueGenericCreateStatic
 .text.prvInitialiseNewQueue
                0x000000000800a4a6       0x4e ./Middlewares/Third_Party/FreeRTOS/Source/queue.o
 .text.xQueueGenericSend
                0x000000000800a4f4      0x188 ./Middlewares/Third_Party/FreeRTOS/Source/queue.o
                0x000000000800a4f4                xQueueGenericSend
 .text.xQueueGenericSendFromISR
                0x000000000800a67c       0xe8 ./Middlewares/Third_Party/FreeRTOS/Source/queue.o
                0x000000000800a67c                xQueueGenericSendFromISR
 .text.xQueueReceive
                0x000000000800a764      0x16a ./Middlewares/Third_Party/FreeRTOS/Source/queue.o
                0x000000000800a764                xQueueReceive
 .text.prvCopyDataToQueue
                0x000000000800a8ce       0xd6 ./Middlewares/Third_Party/FreeRTOS/Source/queue.o
 .text.prvCopyDataFromQueue
                0x000000000800a9a4       0x4c ./Middlewares/Third_Party/FreeRTOS/Source/queue.o
 .text.prvUnlockQueue
                0x000000000800a9f0       0xbc ./Middlewares/Third_Party/FreeRTOS/Source/queue.o
 .text.prvIsQueueEmpty
                0x000000000800aaac       0x2c ./Middlewares/Third_Party/FreeRTOS/Source/queue.o
 .text.prvIsQueueFull
                0x000000000800aad8       0x30 ./Middlewares/Third_Party/FreeRTOS/Source/queue.o
 .text.vQueueAddToRegistry
                0x000000000800ab08       0x50 ./Middlewares/Third_Party/FreeRTOS/Source/queue.o
                0x000000000800ab08                vQueueAddToRegistry
 .text.vQueueWaitForMessageRestricted
                0x000000000800ab58       0x66 ./Middlewares/Third_Party/FreeRTOS/Source/queue.o
                0x000000000800ab58                vQueueWaitForMessageRestricted
 .text.xTaskCreateStatic
                0x000000000800abbe       0x88 ./Middlewares/Third_Party/FreeRTOS/Source/tasks.o
                0x000000000800abbe                xTaskCreateStatic
 .text.xTaskCreate
                0x000000000800ac46       0x98 ./Middlewares/Third_Party/FreeRTOS/Source/tasks.o
                0x000000000800ac46                xTaskCreate
 *fill*         0x000000000800acde        0x2 
 .text.prvInitialiseNewTask
                0x000000000800ace0      0x140 ./Middlewares/Third_Party/FreeRTOS/Source/tasks.o
 .text.prvAddNewTaskToReadyList
                0x000000000800ae20       0xd0 ./Middlewares/Third_Party/FreeRTOS/Source/tasks.o
 .text.vTaskDelay
                0x000000000800aef0       0x4c ./Middlewares/Third_Party/FreeRTOS/Source/tasks.o
                0x000000000800aef0                vTaskDelay
 .text.vTaskStartScheduler
                0x000000000800af3c       0xbc ./Middlewares/Third_Party/FreeRTOS/Source/tasks.o
                0x000000000800af3c                vTaskStartScheduler
 .text.vTaskSuspendAll
                0x000000000800aff8       0x18 ./Middlewares/Third_Party/FreeRTOS/Source/tasks.o
                0x000000000800aff8                vTaskSuspendAll
 .text.xTaskResumeAll
                0x000000000800b010      0x118 ./Middlewares/Third_Party/FreeRTOS/Source/tasks.o
                0x000000000800b010                xTaskResumeAll
 .text.xTaskGetTickCount
                0x000000000800b128       0x1c ./Middlewares/Third_Party/FreeRTOS/Source/tasks.o
                0x000000000800b128                xTaskGetTickCount
 .text.xTaskIncrementTick
                0x000000000800b144      0x160 ./Middlewares/Third_Party/FreeRTOS/Source/tasks.o
                0x000000000800b144                xTaskIncrementTick
 .text.vTaskSwitchContext
                0x000000000800b2a4       0xb4 ./Middlewares/Third_Party/FreeRTOS/Source/tasks.o
                0x000000000800b2a4                vTaskSwitchContext
 .text.vTaskPlaceOnEventList
                0x000000000800b358       0x3c ./Middlewares/Third_Party/FreeRTOS/Source/tasks.o
                0x000000000800b358                vTaskPlaceOnEventList
 .text.vTaskPlaceOnEventListRestricted
                0x000000000800b394       0x4c ./Middlewares/Third_Party/FreeRTOS/Source/tasks.o
                0x000000000800b394                vTaskPlaceOnEventListRestricted
 .text.xTaskRemoveFromEventList
                0x000000000800b3e0       0xb8 ./Middlewares/Third_Party/FreeRTOS/Source/tasks.o
                0x000000000800b3e0                xTaskRemoveFromEventList
 .text.vTaskInternalSetTimeOutState
                0x000000000800b498       0x28 ./Middlewares/Third_Party/FreeRTOS/Source/tasks.o
                0x000000000800b498                vTaskInternalSetTimeOutState
 .text.xTaskCheckForTimeOut
                0x000000000800b4c0       0xa0 ./Middlewares/Third_Party/FreeRTOS/Source/tasks.o
                0x000000000800b4c0                xTaskCheckForTimeOut
 .text.vTaskMissedYield
                0x000000000800b560       0x14 ./Middlewares/Third_Party/FreeRTOS/Source/tasks.o
                0x000000000800b560                vTaskMissedYield
 .text.prvIdleTask
                0x000000000800b574       0x20 ./Middlewares/Third_Party/FreeRTOS/Source/tasks.o
 .text.prvInitialiseTaskLists
                0x000000000800b594       0x88 ./Middlewares/Third_Party/FreeRTOS/Source/tasks.o
 .text.prvCheckTasksWaitingTermination
                0x000000000800b61c       0x5c ./Middlewares/Third_Party/FreeRTOS/Source/tasks.o
 .text.prvDeleteTCB
                0x000000000800b678       0x5a ./Middlewares/Third_Party/FreeRTOS/Source/tasks.o
 *fill*         0x000000000800b6d2        0x2 
 .text.prvResetNextTaskUnblockTime
                0x000000000800b6d4       0x3c ./Middlewares/Third_Party/FreeRTOS/Source/tasks.o
 .text.xTaskGetSchedulerState
                0x000000000800b710       0x38 ./Middlewares/Third_Party/FreeRTOS/Source/tasks.o
                0x000000000800b710                xTaskGetSchedulerState
 .text.xTaskPriorityDisinherit
                0x000000000800b748       0xb8 ./Middlewares/Third_Party/FreeRTOS/Source/tasks.o
                0x000000000800b748                xTaskPriorityDisinherit
 .text.prvAddCurrentTaskToDelayedList
                0x000000000800b800       0xa8 ./Middlewares/Third_Party/FreeRTOS/Source/tasks.o
 .text.xTimerCreateTimerTask
                0x000000000800b8a8       0x7c ./Middlewares/Third_Party/FreeRTOS/Source/timers.o
                0x000000000800b8a8                xTimerCreateTimerTask
 .text.xTimerGenericCommand
                0x000000000800b924       0x94 ./Middlewares/Third_Party/FreeRTOS/Source/timers.o
                0x000000000800b924                xTimerGenericCommand
 .text.prvProcessExpiredTimer
                0x000000000800b9b8       0x88 ./Middlewares/Third_Party/FreeRTOS/Source/timers.o
 .text.prvTimerTask
                0x000000000800ba40       0x28 ./Middlewares/Third_Party/FreeRTOS/Source/timers.o
 .text.prvProcessTimerOrBlockTask
                0x000000000800ba68       0x90 ./Middlewares/Third_Party/FreeRTOS/Source/timers.o
 .text.prvGetNextExpireTime
                0x000000000800baf8       0x44 ./Middlewares/Third_Party/FreeRTOS/Source/timers.o
 .text.prvSampleTimeNow
                0x000000000800bb3c       0x40 ./Middlewares/Third_Party/FreeRTOS/Source/timers.o
 .text.prvInsertTimerInActiveList
                0x000000000800bb7c       0x84 ./Middlewares/Third_Party/FreeRTOS/Source/timers.o
 .text.prvProcessReceivedCommands
                0x000000000800bc00      0x18c ./Middlewares/Third_Party/FreeRTOS/Source/timers.o
 .text.prvSwitchTimerLists
                0x000000000800bd8c       0xbc ./Middlewares/Third_Party/FreeRTOS/Source/timers.o
 .text.prvCheckForValidListAndQueue
                0x000000000800be48       0x84 ./Middlewares/Third_Party/FreeRTOS/Source/timers.o
 .text.pxPortInitialiseStack
                0x000000000800becc       0x54 ./Middlewares/Third_Party/FreeRTOS/Source/portable/GCC/ARM_CM0/port.o
                0x000000000800becc                pxPortInitialiseStack
 .text.prvTaskExitError
                0x000000000800bf20       0x30 ./Middlewares/Third_Party/FreeRTOS/Source/portable/GCC/ARM_CM0/port.o
 .text.SVC_Handler
                0x000000000800bf50        0xa ./Middlewares/Third_Party/FreeRTOS/Source/portable/GCC/ARM_CM0/port.o
                0x000000000800bf50                SVC_Handler
 *fill*         0x000000000800bf5a        0x6 
 .text.vPortStartFirstTask
                0x000000000800bf60       0x38 ./Middlewares/Third_Party/FreeRTOS/Source/portable/GCC/ARM_CM0/port.o
 .text.xPortStartScheduler
                0x000000000800bf98       0x48 ./Middlewares/Third_Party/FreeRTOS/Source/portable/GCC/ARM_CM0/port.o
                0x000000000800bf98                xPortStartScheduler
 .text.vPortYield
                0x000000000800bfe0       0x20 ./Middlewares/Third_Party/FreeRTOS/Source/portable/GCC/ARM_CM0/port.o
                0x000000000800bfe0                vPortYield
 .text.vPortEnterCritical
                0x000000000800c000       0x24 ./Middlewares/Third_Party/FreeRTOS/Source/portable/GCC/ARM_CM0/port.o
                0x000000000800c000                vPortEnterCritical
 .text.vPortExitCritical
                0x000000000800c024       0x30 ./Middlewares/Third_Party/FreeRTOS/Source/portable/GCC/ARM_CM0/port.o
                0x000000000800c024                vPortExitCritical
 .text.ulSetInterruptMaskFromISR
                0x000000000800c054        0xc ./Middlewares/Third_Party/FreeRTOS/Source/portable/GCC/ARM_CM0/port.o
                0x000000000800c054                ulSetInterruptMaskFromISR
 .text.vClearInterruptMaskFromISR
                0x000000000800c060        0x8 ./Middlewares/Third_Party/FreeRTOS/Source/portable/GCC/ARM_CM0/port.o
                0x000000000800c060                vClearInterruptMaskFromISR
 *fill*         0x000000000800c068        0x8 
 .text.PendSV_Handler
                0x000000000800c070       0x48 ./Middlewares/Third_Party/FreeRTOS/Source/portable/GCC/ARM_CM0/port.o
                0x000000000800c070                PendSV_Handler
 .text.xPortSysTickHandler
                0x000000000800c0b8       0x34 ./Middlewares/Third_Party/FreeRTOS/Source/portable/GCC/ARM_CM0/port.o
                0x000000000800c0b8                xPortSysTickHandler
 .text.vPortSetupTimerInterrupt
                0x000000000800c0ec       0x44 ./Middlewares/Third_Party/FreeRTOS/Source/portable/GCC/ARM_CM0/port.o
                0x000000000800c0ec                vPortSetupTimerInterrupt
 .text.pvPortMalloc
                0x000000000800c130      0x158 ./Middlewares/Third_Party/FreeRTOS/Source/portable/MemMang/heap_4.o
                0x000000000800c130                pvPortMalloc
 .text.vPortFree
                0x000000000800c288       0x9c ./Middlewares/Third_Party/FreeRTOS/Source/portable/MemMang/heap_4.o
                0x000000000800c288                vPortFree
 .text.prvHeapInit
                0x000000000800c324       0xc0 ./Middlewares/Third_Party/FreeRTOS/Source/portable/MemMang/heap_4.o
 .text.prvInsertBlockIntoFreeList
                0x000000000800c3e4       0xb0 ./Middlewares/Third_Party/FreeRTOS/Source/portable/MemMang/heap_4.o
 .text.atof     0x000000000800c494        0xa C:/ST/STM32CubeIDE_1.14.0/STM32CubeIDE/plugins/com.st.stm32cube.ide.mcu.externaltools.gnu-tools-for-stm32.11.3.rel1.win32_1.1.100.202309141235/tools/bin/../lib/gcc/arm-none-eabi/11.3.1/../../../../arm-none-eabi/lib/thumb/v6-m/nofp\libc_nano.a(libc_a-atof.o)
                0x000000000800c494                atof
 *fill*         0x000000000800c49e        0x2 
 .text.sulp     0x000000000800c4a0       0x30 C:/ST/STM32CubeIDE_1.14.0/STM32CubeIDE/plugins/com.st.stm32cube.ide.mcu.externaltools.gnu-tools-for-stm32.11.3.rel1.win32_1.1.100.202309141235/tools/bin/../lib/gcc/arm-none-eabi/11.3.1/../../../../arm-none-eabi/lib/thumb/v6-m/nofp\libc_nano.a(libc_a-strtod.o)
 .text._strtod_l
                0x000000000800c4d0      0xc14 C:/ST/STM32CubeIDE_1.14.0/STM32CubeIDE/plugins/com.st.stm32cube.ide.mcu.externaltools.gnu-tools-for-stm32.11.3.rel1.win32_1.1.100.202309141235/tools/bin/../lib/gcc/arm-none-eabi/11.3.1/../../../../arm-none-eabi/lib/thumb/v6-m/nofp\libc_nano.a(libc_a-strtod.o)
                0x000000000800c4d0                _strtod_l
 .text.strtod   0x000000000800d0e4       0x1c C:/ST/STM32CubeIDE_1.14.0/STM32CubeIDE/plugins/com.st.stm32cube.ide.mcu.externaltools.gnu-tools-for-stm32.11.3.rel1.win32_1.1.100.202309141235/tools/bin/../lib/gcc/arm-none-eabi/11.3.1/../../../../arm-none-eabi/lib/thumb/v6-m/nofp\libc_nano.a(libc_a-strtod.o)
                0x000000000800d0e4                strtod
 .text.std      0x000000000800d100       0x6c C:/ST/STM32CubeIDE_1.14.0/STM32CubeIDE/plugins/com.st.stm32cube.ide.mcu.externaltools.gnu-tools-for-stm32.11.3.rel1.win32_1.1.100.202309141235/tools/bin/../lib/gcc/arm-none-eabi/11.3.1/../../../../arm-none-eabi/lib/thumb/v6-m/nofp\libc_nano.a(libc_a-findfp.o)
 .text.stdio_exit_handler
                0x000000000800d16c       0x1c C:/ST/STM32CubeIDE_1.14.0/STM32CubeIDE/plugins/com.st.stm32cube.ide.mcu.externaltools.gnu-tools-for-stm32.11.3.rel1.win32_1.1.100.202309141235/tools/bin/../lib/gcc/arm-none-eabi/11.3.1/../../../../arm-none-eabi/lib/thumb/v6-m/nofp\libc_nano.a(libc_a-findfp.o)
 .text.cleanup_stdio
                0x000000000800d188       0x3c C:/ST/STM32CubeIDE_1.14.0/STM32CubeIDE/plugins/com.st.stm32cube.ide.mcu.externaltools.gnu-tools-for-stm32.11.3.rel1.win32_1.1.100.202309141235/tools/bin/../lib/gcc/arm-none-eabi/11.3.1/../../../../arm-none-eabi/lib/thumb/v6-m/nofp\libc_nano.a(libc_a-findfp.o)
 .text.global_stdio_init.part.0
                0x000000000800d1c4       0x3c C:/ST/STM32CubeIDE_1.14.0/STM32CubeIDE/plugins/com.st.stm32cube.ide.mcu.externaltools.gnu-tools-for-stm32.11.3.rel1.win32_1.1.100.202309141235/tools/bin/../lib/gcc/arm-none-eabi/11.3.1/../../../../arm-none-eabi/lib/thumb/v6-m/nofp\libc_nano.a(libc_a-findfp.o)
 .text.__sfp_lock_acquire
                0x000000000800d200       0x10 C:/ST/STM32CubeIDE_1.14.0/STM32CubeIDE/plugins/com.st.stm32cube.ide.mcu.externaltools.gnu-tools-for-stm32.11.3.rel1.win32_1.1.100.202309141235/tools/bin/../lib/gcc/arm-none-eabi/11.3.1/../../../../arm-none-eabi/lib/thumb/v6-m/nofp\libc_nano.a(libc_a-findfp.o)
                0x000000000800d200                __sfp_lock_acquire
 .text.__sfp_lock_release
                0x000000000800d210       0x10 C:/ST/STM32CubeIDE_1.14.0/STM32CubeIDE/plugins/com.st.stm32cube.ide.mcu.externaltools.gnu-tools-for-stm32.11.3.rel1.win32_1.1.100.202309141235/tools/bin/../lib/gcc/arm-none-eabi/11.3.1/../../../../arm-none-eabi/lib/thumb/v6-m/nofp\libc_nano.a(libc_a-findfp.o)
                0x000000000800d210                __sfp_lock_release
 .text.__sinit  0x000000000800d220       0x30 C:/ST/STM32CubeIDE_1.14.0/STM32CubeIDE/plugins/com.st.stm32cube.ide.mcu.externaltools.gnu-tools-for-stm32.11.3.rel1.win32_1.1.100.202309141235/tools/bin/../lib/gcc/arm-none-eabi/11.3.1/../../../../arm-none-eabi/lib/thumb/v6-m/nofp\libc_nano.a(libc_a-findfp.o)
                0x000000000800d220                __sinit
 .text._fwalk_sglue
                0x000000000800d250       0x38 C:/ST/STM32CubeIDE_1.14.0/STM32CubeIDE/plugins/com.st.stm32cube.ide.mcu.externaltools.gnu-tools-for-stm32.11.3.rel1.win32_1.1.100.202309141235/tools/bin/../lib/gcc/arm-none-eabi/11.3.1/../../../../arm-none-eabi/lib/thumb/v6-m/nofp\libc_nano.a(libc_a-fwalk.o)
                0x000000000800d250                _fwalk_sglue
 .text.__sread  0x000000000800d288       0x28 C:/ST/STM32CubeIDE_1.14.0/STM32CubeIDE/plugins/com.st.stm32cube.ide.mcu.externaltools.gnu-tools-for-stm32.11.3.rel1.win32_1.1.100.202309141235/tools/bin/../lib/gcc/arm-none-eabi/11.3.1/../../../../arm-none-eabi/lib/thumb/v6-m/nofp\libc_nano.a(libc_a-stdio.o)
                0x000000000800d288                __sread
 .text.__swrite
                0x000000000800d2b0       0x38 C:/ST/STM32CubeIDE_1.14.0/STM32CubeIDE/plugins/com.st.stm32cube.ide.mcu.externaltools.gnu-tools-for-stm32.11.3.rel1.win32_1.1.100.202309141235/tools/bin/../lib/gcc/arm-none-eabi/11.3.1/../../../../arm-none-eabi/lib/thumb/v6-m/nofp\libc_nano.a(libc_a-stdio.o)
                0x000000000800d2b0                __swrite
 .text.__sseek  0x000000000800d2e8       0x2c C:/ST/STM32CubeIDE_1.14.0/STM32CubeIDE/plugins/com.st.stm32cube.ide.mcu.externaltools.gnu-tools-for-stm32.11.3.rel1.win32_1.1.100.202309141235/tools/bin/../lib/gcc/arm-none-eabi/11.3.1/../../../../arm-none-eabi/lib/thumb/v6-m/nofp\libc_nano.a(libc_a-stdio.o)
                0x000000000800d2e8                __sseek
 .text.__sclose
                0x000000000800d314        0xc C:/ST/STM32CubeIDE_1.14.0/STM32CubeIDE/plugins/com.st.stm32cube.ide.mcu.externaltools.gnu-tools-for-stm32.11.3.rel1.win32_1.1.100.202309141235/tools/bin/../lib/gcc/arm-none-eabi/11.3.1/../../../../arm-none-eabi/lib/thumb/v6-m/nofp\libc_nano.a(libc_a-stdio.o)
                0x000000000800d314                __sclose
 .text.memcmp   0x000000000800d320       0x1c C:/ST/STM32CubeIDE_1.14.0/STM32CubeIDE/plugins/com.st.stm32cube.ide.mcu.externaltools.gnu-tools-for-stm32.11.3.rel1.win32_1.1.100.202309141235/tools/bin/../lib/gcc/arm-none-eabi/11.3.1/../../../../arm-none-eabi/lib/thumb/v6-m/nofp\libc_nano.a(libc_a-memcmp.o)
                0x000000000800d320                memcmp
 .text.memset   0x000000000800d33c       0x10 C:/ST/STM32CubeIDE_1.14.0/STM32CubeIDE/plugins/com.st.stm32cube.ide.mcu.externaltools.gnu-tools-for-stm32.11.3.rel1.win32_1.1.100.202309141235/tools/bin/../lib/gcc/arm-none-eabi/11.3.1/../../../../arm-none-eabi/lib/thumb/v6-m/nofp\libc_nano.a(libc_a-memset.o)
                0x000000000800d33c                memset
 .text.strncmp  0x000000000800d34c       0x22 C:/ST/STM32CubeIDE_1.14.0/STM32CubeIDE/plugins/com.st.stm32cube.ide.mcu.externaltools.gnu-tools-for-stm32.11.3.rel1.win32_1.1.100.202309141235/tools/bin/../lib/gcc/arm-none-eabi/11.3.1/../../../../arm-none-eabi/lib/thumb/v6-m/nofp\libc_nano.a(libc_a-strncmp.o)
                0x000000000800d34c                strncmp
 *fill*         0x000000000800d36e        0x2 
 .text._close_r
                0x000000000800d370       0x24 C:/ST/STM32CubeIDE_1.14.0/STM32CubeIDE/plugins/com.st.stm32cube.ide.mcu.externaltools.gnu-tools-for-stm32.11.3.rel1.win32_1.1.100.202309141235/tools/bin/../lib/gcc/arm-none-eabi/11.3.1/../../../../arm-none-eabi/lib/thumb/v6-m/nofp\libc_nano.a(libc_a-closer.o)
                0x000000000800d370                _close_r
 .text._reclaim_reent
                0x000000000800d394       0xbc C:/ST/STM32CubeIDE_1.14.0/STM32CubeIDE/plugins/com.st.stm32cube.ide.mcu.externaltools.gnu-tools-for-stm32.11.3.rel1.win32_1.1.100.202309141235/tools/bin/../lib/gcc/arm-none-eabi/11.3.1/../../../../arm-none-eabi/lib/thumb/v6-m/nofp\libc_nano.a(libc_a-reent.o)
                0x000000000800d394                _reclaim_reent
 .text._lseek_r
                0x000000000800d450       0x28 C:/ST/STM32CubeIDE_1.14.0/STM32CubeIDE/plugins/com.st.stm32cube.ide.mcu.externaltools.gnu-tools-for-stm32.11.3.rel1.win32_1.1.100.202309141235/tools/bin/../lib/gcc/arm-none-eabi/11.3.1/../../../../arm-none-eabi/lib/thumb/v6-m/nofp\libc_nano.a(libc_a-lseekr.o)
                0x000000000800d450                _lseek_r
 .text._read_r  0x000000000800d478       0x28 C:/ST/STM32CubeIDE_1.14.0/STM32CubeIDE/plugins/com.st.stm32cube.ide.mcu.externaltools.gnu-tools-for-stm32.11.3.rel1.win32_1.1.100.202309141235/tools/bin/../lib/gcc/arm-none-eabi/11.3.1/../../../../arm-none-eabi/lib/thumb/v6-m/nofp\libc_nano.a(libc_a-readr.o)
                0x000000000800d478                _read_r
 .text._write_r
                0x000000000800d4a0       0x28 C:/ST/STM32CubeIDE_1.14.0/STM32CubeIDE/plugins/com.st.stm32cube.ide.mcu.externaltools.gnu-tools-for-stm32.11.3.rel1.win32_1.1.100.202309141235/tools/bin/../lib/gcc/arm-none-eabi/11.3.1/../../../../arm-none-eabi/lib/thumb/v6-m/nofp\libc_nano.a(libc_a-writer.o)
                0x000000000800d4a0                _write_r
 .text.__errno  0x000000000800d4c8        0xc C:/ST/STM32CubeIDE_1.14.0/STM32CubeIDE/plugins/com.st.stm32cube.ide.mcu.externaltools.gnu-tools-for-stm32.11.3.rel1.win32_1.1.100.202309141235/tools/bin/../lib/gcc/arm-none-eabi/11.3.1/../../../../arm-none-eabi/lib/thumb/v6-m/nofp\libc_nano.a(libc_a-errno.o)
                0x000000000800d4c8                __errno
 .text.__libc_init_array
                0x000000000800d4d4       0x48 C:/ST/STM32CubeIDE_1.14.0/STM32CubeIDE/plugins/com.st.stm32cube.ide.mcu.externaltools.gnu-tools-for-stm32.11.3.rel1.win32_1.1.100.202309141235/tools/bin/../lib/gcc/arm-none-eabi/11.3.1/../../../../arm-none-eabi/lib/thumb/v6-m/nofp\libc_nano.a(libc_a-init.o)
                0x000000000800d4d4                __libc_init_array
 .text.__retarget_lock_init_recursive
                0x000000000800d51c        0x2 C:/ST/STM32CubeIDE_1.14.0/STM32CubeIDE/plugins/com.st.stm32cube.ide.mcu.externaltools.gnu-tools-for-stm32.11.3.rel1.win32_1.1.100.202309141235/tools/bin/../lib/gcc/arm-none-eabi/11.3.1/../../../../arm-none-eabi/lib/thumb/v6-m/nofp\libc_nano.a(libc_a-lock.o)
                0x000000000800d51c                __retarget_lock_init_recursive
 .text.__retarget_lock_acquire_recursive
                0x000000000800d51e        0x2 C:/ST/STM32CubeIDE_1.14.0/STM32CubeIDE/plugins/com.st.stm32cube.ide.mcu.externaltools.gnu-tools-for-stm32.11.3.rel1.win32_1.1.100.202309141235/tools/bin/../lib/gcc/arm-none-eabi/11.3.1/../../../../arm-none-eabi/lib/thumb/v6-m/nofp\libc_nano.a(libc_a-lock.o)
                0x000000000800d51e                __retarget_lock_acquire_recursive
 .text.__retarget_lock_release_recursive
                0x000000000800d520        0x2 C:/ST/STM32CubeIDE_1.14.0/STM32CubeIDE/plugins/com.st.stm32cube.ide.mcu.externaltools.gnu-tools-for-stm32.11.3.rel1.win32_1.1.100.202309141235/tools/bin/../lib/gcc/arm-none-eabi/11.3.1/../../../../arm-none-eabi/lib/thumb/v6-m/nofp\libc_nano.a(libc_a-lock.o)
                0x000000000800d520                __retarget_lock_release_recursive
 .text.memcpy   0x000000000800d522       0x12 C:/ST/STM32CubeIDE_1.14.0/STM32CubeIDE/plugins/com.st.stm32cube.ide.mcu.externaltools.gnu-tools-for-stm32.11.3.rel1.win32_1.1.100.202309141235/tools/bin/../lib/gcc/arm-none-eabi/11.3.1/../../../../arm-none-eabi/lib/thumb/v6-m/nofp\libc_nano.a(libc_a-memcpy-stub.o)
                0x000000000800d522                memcpy
 .text.nan      0x000000000800d534        0xc C:/ST/STM32CubeIDE_1.14.0/STM32CubeIDE/plugins/com.st.stm32cube.ide.mcu.externaltools.gnu-tools-for-stm32.11.3.rel1.win32_1.1.100.202309141235/tools/bin/../lib/gcc/arm-none-eabi/11.3.1/../../../../arm-none-eabi/lib/thumb/v6-m/nofp\libc_nano.a(libm_a-s_nan.o)
                0x000000000800d534                nan
 .text._free_r  0x000000000800d540       0x94 C:/ST/STM32CubeIDE_1.14.0/STM32CubeIDE/plugins/com.st.stm32cube.ide.mcu.externaltools.gnu-tools-for-stm32.11.3.rel1.win32_1.1.100.202309141235/tools/bin/../lib/gcc/arm-none-eabi/11.3.1/../../../../arm-none-eabi/lib/thumb/v6-m/nofp\libc_nano.a(libc_a-freer.o)
                0x000000000800d540                _free_r
 .text.rshift   0x000000000800d5d4       0xaa C:/ST/STM32CubeIDE_1.14.0/STM32CubeIDE/plugins/com.st.stm32cube.ide.mcu.externaltools.gnu-tools-for-stm32.11.3.rel1.win32_1.1.100.202309141235/tools/bin/../lib/gcc/arm-none-eabi/11.3.1/../../../../arm-none-eabi/lib/thumb/v6-m/nofp\libc_nano.a(libc_a-gdtoa-gethex.o)
 .text.__hexdig_fun
                0x000000000800d67e       0x2a C:/ST/STM32CubeIDE_1.14.0/STM32CubeIDE/plugins/com.st.stm32cube.ide.mcu.externaltools.gnu-tools-for-stm32.11.3.rel1.win32_1.1.100.202309141235/tools/bin/../lib/gcc/arm-none-eabi/11.3.1/../../../../arm-none-eabi/lib/thumb/v6-m/nofp\libc_nano.a(libc_a-gdtoa-gethex.o)
                0x000000000800d67e                __hexdig_fun
 .text.__gethex
                0x000000000800d6a8      0x448 C:/ST/STM32CubeIDE_1.14.0/STM32CubeIDE/plugins/com.st.stm32cube.ide.mcu.externaltools.gnu-tools-for-stm32.11.3.rel1.win32_1.1.100.202309141235/tools/bin/../lib/gcc/arm-none-eabi/11.3.1/../../../../arm-none-eabi/lib/thumb/v6-m/nofp\libc_nano.a(libc_a-gdtoa-gethex.o)
                0x000000000800d6a8                __gethex
 .text.L_shift  0x000000000800daf0       0x24 C:/ST/STM32CubeIDE_1.14.0/STM32CubeIDE/plugins/com.st.stm32cube.ide.mcu.externaltools.gnu-tools-for-stm32.11.3.rel1.win32_1.1.100.202309141235/tools/bin/../lib/gcc/arm-none-eabi/11.3.1/../../../../arm-none-eabi/lib/thumb/v6-m/nofp\libc_nano.a(libc_a-gdtoa-hexnan.o)
 .text.__match  0x000000000800db14       0x28 C:/ST/STM32CubeIDE_1.14.0/STM32CubeIDE/plugins/com.st.stm32cube.ide.mcu.externaltools.gnu-tools-for-stm32.11.3.rel1.win32_1.1.100.202309141235/tools/bin/../lib/gcc/arm-none-eabi/11.3.1/../../../../arm-none-eabi/lib/thumb/v6-m/nofp\libc_nano.a(libc_a-gdtoa-hexnan.o)
                0x000000000800db14                __match
 .text.__hexnan
                0x000000000800db3c      0x150 C:/ST/STM32CubeIDE_1.14.0/STM32CubeIDE/plugins/com.st.stm32cube.ide.mcu.externaltools.gnu-tools-for-stm32.11.3.rel1.win32_1.1.100.202309141235/tools/bin/../lib/gcc/arm-none-eabi/11.3.1/../../../../arm-none-eabi/lib/thumb/v6-m/nofp\libc_nano.a(libc_a-gdtoa-hexnan.o)
                0x000000000800db3c                __hexnan
 .text.sbrk_aligned
                0x000000000800dc8c       0x44 C:/ST/STM32CubeIDE_1.14.0/STM32CubeIDE/plugins/com.st.stm32cube.ide.mcu.externaltools.gnu-tools-for-stm32.11.3.rel1.win32_1.1.100.202309141235/tools/bin/../lib/gcc/arm-none-eabi/11.3.1/../../../../arm-none-eabi/lib/thumb/v6-m/nofp\libc_nano.a(libc_a-mallocr.o)
 .text._malloc_r
                0x000000000800dcd0      0x104 C:/ST/STM32CubeIDE_1.14.0/STM32CubeIDE/plugins/com.st.stm32cube.ide.mcu.externaltools.gnu-tools-for-stm32.11.3.rel1.win32_1.1.100.202309141235/tools/bin/../lib/gcc/arm-none-eabi/11.3.1/../../../../arm-none-eabi/lib/thumb/v6-m/nofp\libc_nano.a(libc_a-mallocr.o)
                0x000000000800dcd0                _malloc_r
 .text.__ascii_mbtowc
                0x000000000800ddd4       0x24 C:/ST/STM32CubeIDE_1.14.0/STM32CubeIDE/plugins/com.st.stm32cube.ide.mcu.externaltools.gnu-tools-for-stm32.11.3.rel1.win32_1.1.100.202309141235/tools/bin/../lib/gcc/arm-none-eabi/11.3.1/../../../../arm-none-eabi/lib/thumb/v6-m/nofp\libc_nano.a(libc_a-mbtowc_r.o)
                0x000000000800ddd4                __ascii_mbtowc
 .text.__malloc_lock
                0x000000000800ddf8       0x10 C:/ST/STM32CubeIDE_1.14.0/STM32CubeIDE/plugins/com.st.stm32cube.ide.mcu.externaltools.gnu-tools-for-stm32.11.3.rel1.win32_1.1.100.202309141235/tools/bin/../lib/gcc/arm-none-eabi/11.3.1/../../../../arm-none-eabi/lib/thumb/v6-m/nofp\libc_nano.a(libc_a-mlock.o)
                0x000000000800ddf8                __malloc_lock
 .text.__malloc_unlock
                0x000000000800de08       0x10 C:/ST/STM32CubeIDE_1.14.0/STM32CubeIDE/plugins/com.st.stm32cube.ide.mcu.externaltools.gnu-tools-for-stm32.11.3.rel1.win32_1.1.100.202309141235/tools/bin/../lib/gcc/arm-none-eabi/11.3.1/../../../../arm-none-eabi/lib/thumb/v6-m/nofp\libc_nano.a(libc_a-mlock.o)
                0x000000000800de08                __malloc_unlock
 .text._Balloc  0x000000000800de18       0x88 C:/ST/STM32CubeIDE_1.14.0/STM32CubeIDE/plugins/com.st.stm32cube.ide.mcu.externaltools.gnu-tools-for-stm32.11.3.rel1.win32_1.1.100.202309141235/tools/bin/../lib/gcc/arm-none-eabi/11.3.1/../../../../arm-none-eabi/lib/thumb/v6-m/nofp\libc_nano.a(libc_a-mprec.o)
                0x000000000800de18                _Balloc
 .text._Bfree   0x000000000800dea0       0x48 C:/ST/STM32CubeIDE_1.14.0/STM32CubeIDE/plugins/com.st.stm32cube.ide.mcu.externaltools.gnu-tools-for-stm32.11.3.rel1.win32_1.1.100.202309141235/tools/bin/../lib/gcc/arm-none-eabi/11.3.1/../../../../arm-none-eabi/lib/thumb/v6-m/nofp\libc_nano.a(libc_a-mprec.o)
                0x000000000800dea0                _Bfree
 .text.__multadd
                0x000000000800dee8       0x88 C:/ST/STM32CubeIDE_1.14.0/STM32CubeIDE/plugins/com.st.stm32cube.ide.mcu.externaltools.gnu-tools-for-stm32.11.3.rel1.win32_1.1.100.202309141235/tools/bin/../lib/gcc/arm-none-eabi/11.3.1/../../../../arm-none-eabi/lib/thumb/v6-m/nofp\libc_nano.a(libc_a-mprec.o)
                0x000000000800dee8                __multadd
 .text.__s2b    0x000000000800df70       0x98 C:/ST/STM32CubeIDE_1.14.0/STM32CubeIDE/plugins/com.st.stm32cube.ide.mcu.externaltools.gnu-tools-for-stm32.11.3.rel1.win32_1.1.100.202309141235/tools/bin/../lib/gcc/arm-none-eabi/11.3.1/../../../../arm-none-eabi/lib/thumb/v6-m/nofp\libc_nano.a(libc_a-mprec.o)
                0x000000000800df70                __s2b
 .text.__hi0bits
                0x000000000800e008       0x34 C:/ST/STM32CubeIDE_1.14.0/STM32CubeIDE/plugins/com.st.stm32cube.ide.mcu.externaltools.gnu-tools-for-stm32.11.3.rel1.win32_1.1.100.202309141235/tools/bin/../lib/gcc/arm-none-eabi/11.3.1/../../../../arm-none-eabi/lib/thumb/v6-m/nofp\libc_nano.a(libc_a-mprec.o)
                0x000000000800e008                __hi0bits
 .text.__lo0bits
                0x000000000800e03c       0x5c C:/ST/STM32CubeIDE_1.14.0/STM32CubeIDE/plugins/com.st.stm32cube.ide.mcu.externaltools.gnu-tools-for-stm32.11.3.rel1.win32_1.1.100.202309141235/tools/bin/../lib/gcc/arm-none-eabi/11.3.1/../../../../arm-none-eabi/lib/thumb/v6-m/nofp\libc_nano.a(libc_a-mprec.o)
                0x000000000800e03c                __lo0bits
 .text.__i2b    0x000000000800e098       0x30 C:/ST/STM32CubeIDE_1.14.0/STM32CubeIDE/plugins/com.st.stm32cube.ide.mcu.externaltools.gnu-tools-for-stm32.11.3.rel1.win32_1.1.100.202309141235/tools/bin/../lib/gcc/arm-none-eabi/11.3.1/../../../../arm-none-eabi/lib/thumb/v6-m/nofp\libc_nano.a(libc_a-mprec.o)
                0x000000000800e098                __i2b
 .text.__multiply
                0x000000000800e0c8      0x160 C:/ST/STM32CubeIDE_1.14.0/STM32CubeIDE/plugins/com.st.stm32cube.ide.mcu.externaltools.gnu-tools-for-stm32.11.3.rel1.win32_1.1.100.202309141235/tools/bin/../lib/gcc/arm-none-eabi/11.3.1/../../../../arm-none-eabi/lib/thumb/v6-m/nofp\libc_nano.a(libc_a-mprec.o)
                0x000000000800e0c8                __multiply
 .text.__pow5mult
                0x000000000800e228       0xb8 C:/ST/STM32CubeIDE_1.14.0/STM32CubeIDE/plugins/com.st.stm32cube.ide.mcu.externaltools.gnu-tools-for-stm32.11.3.rel1.win32_1.1.100.202309141235/tools/bin/../lib/gcc/arm-none-eabi/11.3.1/../../../../arm-none-eabi/lib/thumb/v6-m/nofp\libc_nano.a(libc_a-mprec.o)
                0x000000000800e228                __pow5mult
 .text.__lshift
                0x000000000800e2e0       0xdc C:/ST/STM32CubeIDE_1.14.0/STM32CubeIDE/plugins/com.st.stm32cube.ide.mcu.externaltools.gnu-tools-for-stm32.11.3.rel1.win32_1.1.100.202309141235/tools/bin/../lib/gcc/arm-none-eabi/11.3.1/../../../../arm-none-eabi/lib/thumb/v6-m/nofp\libc_nano.a(libc_a-mprec.o)
                0x000000000800e2e0                __lshift
 .text.__mcmp   0x000000000800e3bc       0x38 C:/ST/STM32CubeIDE_1.14.0/STM32CubeIDE/plugins/com.st.stm32cube.ide.mcu.externaltools.gnu-tools-for-stm32.11.3.rel1.win32_1.1.100.202309141235/tools/bin/../lib/gcc/arm-none-eabi/11.3.1/../../../../arm-none-eabi/lib/thumb/v6-m/nofp\libc_nano.a(libc_a-mprec.o)
                0x000000000800e3bc                __mcmp
 .text.__mdiff  0x000000000800e3f4      0x130 C:/ST/STM32CubeIDE_1.14.0/STM32CubeIDE/plugins/com.st.stm32cube.ide.mcu.externaltools.gnu-tools-for-stm32.11.3.rel1.win32_1.1.100.202309141235/tools/bin/../lib/gcc/arm-none-eabi/11.3.1/../../../../arm-none-eabi/lib/thumb/v6-m/nofp\libc_nano.a(libc_a-mprec.o)
                0x000000000800e3f4                __mdiff
 .text.__ulp    0x000000000800e524       0x38 C:/ST/STM32CubeIDE_1.14.0/STM32CubeIDE/plugins/com.st.stm32cube.ide.mcu.externaltools.gnu-tools-for-stm32.11.3.rel1.win32_1.1.100.202309141235/tools/bin/../lib/gcc/arm-none-eabi/11.3.1/../../../../arm-none-eabi/lib/thumb/v6-m/nofp\libc_nano.a(libc_a-mprec.o)
                0x000000000800e524                __ulp
 .text.__b2d    0x000000000800e55c       0x98 C:/ST/STM32CubeIDE_1.14.0/STM32CubeIDE/plugins/com.st.stm32cube.ide.mcu.externaltools.gnu-tools-for-stm32.11.3.rel1.win32_1.1.100.202309141235/tools/bin/../lib/gcc/arm-none-eabi/11.3.1/../../../../arm-none-eabi/lib/thumb/v6-m/nofp\libc_nano.a(libc_a-mprec.o)
                0x000000000800e55c                __b2d
 .text.__d2b    0x000000000800e5f4       0xc0 C:/ST/STM32CubeIDE_1.14.0/STM32CubeIDE/plugins/com.st.stm32cube.ide.mcu.externaltools.gnu-tools-for-stm32.11.3.rel1.win32_1.1.100.202309141235/tools/bin/../lib/gcc/arm-none-eabi/11.3.1/../../../../arm-none-eabi/lib/thumb/v6-m/nofp\libc_nano.a(libc_a-mprec.o)
                0x000000000800e5f4                __d2b
 .text.__ratio  0x000000000800e6b4       0x52 C:/ST/STM32CubeIDE_1.14.0/STM32CubeIDE/plugins/com.st.stm32cube.ide.mcu.externaltools.gnu-tools-for-stm32.11.3.rel1.win32_1.1.100.202309141235/tools/bin/../lib/gcc/arm-none-eabi/11.3.1/../../../../arm-none-eabi/lib/thumb/v6-m/nofp\libc_nano.a(libc_a-mprec.o)
                0x000000000800e6b4                __ratio
 .text.__copybits
                0x000000000800e706       0x42 C:/ST/STM32CubeIDE_1.14.0/STM32CubeIDE/plugins/com.st.stm32cube.ide.mcu.externaltools.gnu-tools-for-stm32.11.3.rel1.win32_1.1.100.202309141235/tools/bin/../lib/gcc/arm-none-eabi/11.3.1/../../../../arm-none-eabi/lib/thumb/v6-m/nofp\libc_nano.a(libc_a-mprec.o)
                0x000000000800e706                __copybits
 .text.__any_on
                0x000000000800e748       0x46 C:/ST/STM32CubeIDE_1.14.0/STM32CubeIDE/plugins/com.st.stm32cube.ide.mcu.externaltools.gnu-tools-for-stm32.11.3.rel1.win32_1.1.100.202309141235/tools/bin/../lib/gcc/arm-none-eabi/11.3.1/../../../../arm-none-eabi/lib/thumb/v6-m/nofp\libc_nano.a(libc_a-mprec.o)
                0x000000000800e748                __any_on
 .text.__ascii_wctomb
                0x000000000800e78e       0x1a C:/ST/STM32CubeIDE_1.14.0/STM32CubeIDE/plugins/com.st.stm32cube.ide.mcu.externaltools.gnu-tools-for-stm32.11.3.rel1.win32_1.1.100.202309141235/tools/bin/../lib/gcc/arm-none-eabi/11.3.1/../../../../arm-none-eabi/lib/thumb/v6-m/nofp\libc_nano.a(libc_a-wctomb_r.o)
                0x000000000800e78e                __ascii_wctomb
 .text.__sflush_r
                0x000000000800e7a8      0x114 C:/ST/STM32CubeIDE_1.14.0/STM32CubeIDE/plugins/com.st.stm32cube.ide.mcu.externaltools.gnu-tools-for-stm32.11.3.rel1.win32_1.1.100.202309141235/tools/bin/../lib/gcc/arm-none-eabi/11.3.1/../../../../arm-none-eabi/lib/thumb/v6-m/nofp\libc_nano.a(libc_a-fflush.o)
                0x000000000800e7a8                __sflush_r
 .text._fflush_r
                0x000000000800e8bc       0x56 C:/ST/STM32CubeIDE_1.14.0/STM32CubeIDE/plugins/com.st.stm32cube.ide.mcu.externaltools.gnu-tools-for-stm32.11.3.rel1.win32_1.1.100.202309141235/tools/bin/../lib/gcc/arm-none-eabi/11.3.1/../../../../arm-none-eabi/lib/thumb/v6-m/nofp\libc_nano.a(libc_a-fflush.o)
                0x000000000800e8bc                _fflush_r
 *fill*         0x000000000800e912        0x2 
 .text._sbrk_r  0x000000000800e914       0x24 C:/ST/STM32CubeIDE_1.14.0/STM32CubeIDE/plugins/com.st.stm32cube.ide.mcu.externaltools.gnu-tools-for-stm32.11.3.rel1.win32_1.1.100.202309141235/tools/bin/../lib/gcc/arm-none-eabi/11.3.1/../../../../arm-none-eabi/lib/thumb/v6-m/nofp\libc_nano.a(libc_a-sbrkr.o)
                0x000000000800e914                _sbrk_r
 .text.__assert_func
                0x000000000800e938       0x3c C:/ST/STM32CubeIDE_1.14.0/STM32CubeIDE/plugins/com.st.stm32cube.ide.mcu.externaltools.gnu-tools-for-stm32.11.3.rel1.win32_1.1.100.202309141235/tools/bin/../lib/gcc/arm-none-eabi/11.3.1/../../../../arm-none-eabi/lib/thumb/v6-m/nofp\libc_nano.a(libc_a-assert.o)
                0x000000000800e938                __assert_func
 .text._calloc_r
                0x000000000800e974       0x5a C:/ST/STM32CubeIDE_1.14.0/STM32CubeIDE/plugins/com.st.stm32cube.ide.mcu.externaltools.gnu-tools-for-stm32.11.3.rel1.win32_1.1.100.202309141235/tools/bin/../lib/gcc/arm-none-eabi/11.3.1/../../../../arm-none-eabi/lib/thumb/v6-m/nofp\libc_nano.a(libc_a-callocr.o)
                0x000000000800e974                _calloc_r
 *fill*         0x000000000800e9ce        0x2 
 .text.malloc   0x000000000800e9d0       0x14 C:/ST/STM32CubeIDE_1.14.0/STM32CubeIDE/plugins/com.st.stm32cube.ide.mcu.externaltools.gnu-tools-for-stm32.11.3.rel1.win32_1.1.100.202309141235/tools/bin/../lib/gcc/arm-none-eabi/11.3.1/../../../../arm-none-eabi/lib/thumb/v6-m/nofp\libc_nano.a(libc_a-malloc.o)
                0x000000000800e9d0                malloc
 .text.fprintf  0x000000000800e9e4       0x20 C:/ST/STM32CubeIDE_1.14.0/STM32CubeIDE/plugins/com.st.stm32cube.ide.mcu.externaltools.gnu-tools-for-stm32.11.3.rel1.win32_1.1.100.202309141235/tools/bin/../lib/gcc/arm-none-eabi/11.3.1/../../../../arm-none-eabi/lib/thumb/v6-m/nofp\libc_nano.a(libc_a-fprintf.o)
                0x000000000800e9e4                fiprintf
                0x000000000800e9e4                fprintf
 .text.abort    0x000000000800ea04        0xe C:/ST/STM32CubeIDE_1.14.0/STM32CubeIDE/plugins/com.st.stm32cube.ide.mcu.externaltools.gnu-tools-for-stm32.11.3.rel1.win32_1.1.100.202309141235/tools/bin/../lib/gcc/arm-none-eabi/11.3.1/../../../../arm-none-eabi/lib/thumb/v6-m/nofp\libc_nano.a(libc_a-abort.o)
                0x000000000800ea04                abort
 .text.__sfputc_r
                0x000000000800ea12       0x2a C:/ST/STM32CubeIDE_1.14.0/STM32CubeIDE/plugins/com.st.stm32cube.ide.mcu.externaltools.gnu-tools-for-stm32.11.3.rel1.win32_1.1.100.202309141235/tools/bin/../lib/gcc/arm-none-eabi/11.3.1/../../../../arm-none-eabi/lib/thumb/v6-m/nofp\libc_nano.a(libc_a-nano-vfprintf.o)
 .text.__sfputs_r
                0x000000000800ea3c       0x24 C:/ST/STM32CubeIDE_1.14.0/STM32CubeIDE/plugins/com.st.stm32cube.ide.mcu.externaltools.gnu-tools-for-stm32.11.3.rel1.win32_1.1.100.202309141235/tools/bin/../lib/gcc/arm-none-eabi/11.3.1/../../../../arm-none-eabi/lib/thumb/v6-m/nofp\libc_nano.a(libc_a-nano-vfprintf.o)
                0x000000000800ea3c                __sfputs_r
 .text._vfprintf_r
                0x000000000800ea60      0x238 C:/ST/STM32CubeIDE_1.14.0/STM32CubeIDE/plugins/com.st.stm32cube.ide.mcu.externaltools.gnu-tools-for-stm32.11.3.rel1.win32_1.1.100.202309141235/tools/bin/../lib/gcc/arm-none-eabi/11.3.1/../../../../arm-none-eabi/lib/thumb/v6-m/nofp\libc_nano.a(libc_a-nano-vfprintf.o)
                0x000000000800ea60                _vfprintf_r
                0x000000000800ea60                _vfiprintf_r
 .text._printf_common
                0x000000000800ec98       0xde C:/ST/STM32CubeIDE_1.14.0/STM32CubeIDE/plugins/com.st.stm32cube.ide.mcu.externaltools.gnu-tools-for-stm32.11.3.rel1.win32_1.1.100.202309141235/tools/bin/../lib/gcc/arm-none-eabi/11.3.1/../../../../arm-none-eabi/lib/thumb/v6-m/nofp\libc_nano.a(libc_a-nano-vfprintf_i.o)
                0x000000000800ec98                _printf_common
 *fill*         0x000000000800ed76        0x2 
 .text._printf_i
                0x000000000800ed78      0x220 C:/ST/STM32CubeIDE_1.14.0/STM32CubeIDE/plugins/com.st.stm32cube.ide.mcu.externaltools.gnu-tools-for-stm32.11.3.rel1.win32_1.1.100.202309141235/tools/bin/../lib/gcc/arm-none-eabi/11.3.1/../../../../arm-none-eabi/lib/thumb/v6-m/nofp\libc_nano.a(libc_a-nano-vfprintf_i.o)
                0x000000000800ed78                _printf_i
 .text.__swbuf_r
                0x000000000800ef98       0x84 C:/ST/STM32CubeIDE_1.14.0/STM32CubeIDE/plugins/com.st.stm32cube.ide.mcu.externaltools.gnu-tools-for-stm32.11.3.rel1.win32_1.1.100.202309141235/tools/bin/../lib/gcc/arm-none-eabi/11.3.1/../../../../arm-none-eabi/lib/thumb/v6-m/nofp\libc_nano.a(libc_a-wbuf.o)
                0x000000000800ef98                __swbuf_r
 .text.__swsetup_r
                0x000000000800f01c       0xc8 C:/ST/STM32CubeIDE_1.14.0/STM32CubeIDE/plugins/com.st.stm32cube.ide.mcu.externaltools.gnu-tools-for-stm32.11.3.rel1.win32_1.1.100.202309141235/tools/bin/../lib/gcc/arm-none-eabi/11.3.1/../../../../arm-none-eabi/lib/thumb/v6-m/nofp\libc_nano.a(libc_a-wsetup.o)
                0x000000000800f01c                __swsetup_r
 .text._raise_r
                0x000000000800f0e4       0x54 C:/ST/STM32CubeIDE_1.14.0/STM32CubeIDE/plugins/com.st.stm32cube.ide.mcu.externaltools.gnu-tools-for-stm32.11.3.rel1.win32_1.1.100.202309141235/tools/bin/../lib/gcc/arm-none-eabi/11.3.1/../../../../arm-none-eabi/lib/thumb/v6-m/nofp\libc_nano.a(libc_a-signal.o)
                0x000000000800f0e4                _raise_r
 .text.raise    0x000000000800f138       0x14 C:/ST/STM32CubeIDE_1.14.0/STM32CubeIDE/plugins/com.st.stm32cube.ide.mcu.externaltools.gnu-tools-for-stm32.11.3.rel1.win32_1.1.100.202309141235/tools/bin/../lib/gcc/arm-none-eabi/11.3.1/../../../../arm-none-eabi/lib/thumb/v6-m/nofp\libc_nano.a(libc_a-signal.o)
                0x000000000800f138                raise
 .text._kill_r  0x000000000800f14c       0x24 C:/ST/STM32CubeIDE_1.14.0/STM32CubeIDE/plugins/com.st.stm32cube.ide.mcu.externaltools.gnu-tools-for-stm32.11.3.rel1.win32_1.1.100.202309141235/tools/bin/../lib/gcc/arm-none-eabi/11.3.1/../../../../arm-none-eabi/lib/thumb/v6-m/nofp\libc_nano.a(libc_a-signalr.o)
                0x000000000800f14c                _kill_r
 .text._getpid_r
                0x000000000800f170        0x8 C:/ST/STM32CubeIDE_1.14.0/STM32CubeIDE/plugins/com.st.stm32cube.ide.mcu.externaltools.gnu-tools-for-stm32.11.3.rel1.win32_1.1.100.202309141235/tools/bin/../lib/gcc/arm-none-eabi/11.3.1/../../../../arm-none-eabi/lib/thumb/v6-m/nofp\libc_nano.a(libc_a-signalr.o)
                0x000000000800f170                _getpid_r
 .text.memchr   0x000000000800f178       0x16 C:/ST/STM32CubeIDE_1.14.0/STM32CubeIDE/plugins/com.st.stm32cube.ide.mcu.externaltools.gnu-tools-for-stm32.11.3.rel1.win32_1.1.100.202309141235/tools/bin/../lib/gcc/arm-none-eabi/11.3.1/../../../../arm-none-eabi/lib/thumb/v6-m/nofp\libc_nano.a(libc_a-memchr-stub.o)
                0x000000000800f178                memchr
 *fill*         0x000000000800f18e        0x2 
 .text.__swhatbuf_r
                0x000000000800f190       0x50 C:/ST/STM32CubeIDE_1.14.0/STM32CubeIDE/plugins/com.st.stm32cube.ide.mcu.externaltools.gnu-tools-for-stm32.11.3.rel1.win32_1.1.100.202309141235/tools/bin/../lib/gcc/arm-none-eabi/11.3.1/../../../../arm-none-eabi/lib/thumb/v6-m/nofp\libc_nano.a(libc_a-makebuf.o)
                0x000000000800f190                __swhatbuf_r
 .text.__smakebuf_r
                0x000000000800f1e0       0x7c C:/ST/STM32CubeIDE_1.14.0/STM32CubeIDE/plugins/com.st.stm32cube.ide.mcu.externaltools.gnu-tools-for-stm32.11.3.rel1.win32_1.1.100.202309141235/tools/bin/../lib/gcc/arm-none-eabi/11.3.1/../../../../arm-none-eabi/lib/thumb/v6-m/nofp\libc_nano.a(libc_a-makebuf.o)
                0x000000000800f1e0                __smakebuf_r
 .text._fstat_r
                0x000000000800f25c       0x24 C:/ST/STM32CubeIDE_1.14.0/STM32CubeIDE/plugins/com.st.stm32cube.ide.mcu.externaltools.gnu-tools-for-stm32.11.3.rel1.win32_1.1.100.202309141235/tools/bin/../lib/gcc/arm-none-eabi/11.3.1/../../../../arm-none-eabi/lib/thumb/v6-m/nofp\libc_nano.a(libc_a-fstatr.o)
                0x000000000800f25c                _fstat_r
 .text._isatty_r
                0x000000000800f280       0x24 C:/ST/STM32CubeIDE_1.14.0/STM32CubeIDE/plugins/com.st.stm32cube.ide.mcu.externaltools.gnu-tools-for-stm32.11.3.rel1.win32_1.1.100.202309141235/tools/bin/../lib/gcc/arm-none-eabi/11.3.1/../../../../arm-none-eabi/lib/thumb/v6-m/nofp\libc_nano.a(libc_a-isattyr.o)
                0x000000000800f280                _isatty_r
 *(.glue_7)
 .glue_7        0x000000000800f2a4        0x0 linker stubs
 *(.glue_7t)
 .glue_7t       0x000000000800f2a4        0x0 linker stubs
 *(.eh_frame)
 .eh_frame      0x000000000800f2a4        0x0 C:/ST/STM32CubeIDE_1.14.0/STM32CubeIDE/plugins/com.st.stm32cube.ide.mcu.externaltools.gnu-tools-for-stm32.11.3.rel1.win32_1.1.100.202309141235/tools/bin/../lib/gcc/arm-none-eabi/11.3.1/thumb/v6-m/nofp/crtbegin.o
 *(.init)
 .init          0x000000000800f2a4        0x4 C:/ST/STM32CubeIDE_1.14.0/STM32CubeIDE/plugins/com.st.stm32cube.ide.mcu.externaltools.gnu-tools-for-stm32.11.3.rel1.win32_1.1.100.202309141235/tools/bin/../lib/gcc/arm-none-eabi/11.3.1/thumb/v6-m/nofp/crti.o
                0x000000000800f2a4                _init
 .init          0x000000000800f2a8        0x8 C:/ST/STM32CubeIDE_1.14.0/STM32CubeIDE/plugins/com.st.stm32cube.ide.mcu.externaltools.gnu-tools-for-stm32.11.3.rel1.win32_1.1.100.202309141235/tools/bin/../lib/gcc/arm-none-eabi/11.3.1/thumb/v6-m/nofp/crtn.o
 *(.fini)
 .fini          0x000000000800f2b0        0x4 C:/ST/STM32CubeIDE_1.14.0/STM32CubeIDE/plugins/com.st.stm32cube.ide.mcu.externaltools.gnu-tools-for-stm32.11.3.rel1.win32_1.1.100.202309141235/tools/bin/../lib/gcc/arm-none-eabi/11.3.1/thumb/v6-m/nofp/crti.o
                0x000000000800f2b0                _fini
 .fini          0x000000000800f2b4        0x8 C:/ST/STM32CubeIDE_1.14.0/STM32CubeIDE/plugins/com.st.stm32cube.ide.mcu.externaltools.gnu-tools-for-stm32.11.3.rel1.win32_1.1.100.202309141235/tools/bin/../lib/gcc/arm-none-eabi/11.3.1/thumb/v6-m/nofp/crtn.o
                0x000000000800f2bc                . = ALIGN (0x4)
                0x000000000800f2bc                _etext = .

.vfp11_veneer   0x000000000800f2bc        0x0
 .vfp11_veneer  0x000000000800f2bc        0x0 linker stubs

.v4_bx          0x000000000800f2bc        0x0
 .v4_bx         0x000000000800f2bc        0x0 linker stubs

.iplt           0x000000000800f2bc        0x0
 .iplt          0x000000000800f2bc        0x0 C:/ST/STM32CubeIDE_1.14.0/STM32CubeIDE/plugins/com.st.stm32cube.ide.mcu.externaltools.gnu-tools-for-stm32.11.3.rel1.win32_1.1.100.202309141235/tools/bin/../lib/gcc/arm-none-eabi/11.3.1/thumb/v6-m/nofp/crtbegin.o

.rodata         0x000000000800f2c0      0x6dc
                0x000000000800f2c0                . = ALIGN (0x4)
 *(.rodata)
 .rodata        0x000000000800f2c0        0x6 ./Core/Src/gps.o
 *fill*         0x000000000800f2c6        0x2 