../Core/Src/main.c:150:5:main	8	static
../Core/Src/main.c:240:6:SystemClock_Config	96	static
../Core/Src/main.c:281:13:MX_I2C2_Init	8	static
../Core/Src/main.c:329:13:MX_USART1_UART_Init	8	static
../Core/Src/main.c:377:13:MX_USART3_UART_Init	8	static
../Core/Src/main.c:425:13:MX_GPIO_Init	56	static
../Core/Src/main.c:492:6:StartDefaultTask	16	static
../Core/Src/main.c:510:6:GPS_Task	24	static
../Core/Src/main.c:561:6:HAL_UART_RxCpltCallback	16	static
../Core/Src/main.c:573:6:HAL_UART_ErrorCallback	16	static
../Core/Src/main.c:583:6:GSM_Task	16	static
../Core/Src/main.c:602:16:platform_write	48	static
../Core/Src/main.c:616:16:platform_read	48	static
../Core/Src/main.c:634:6:LIS_Task	48	static
../Core/Src/main.c:739:6:HAL_TIM_PeriodElapsedCallback	16	static
../Core/Src/main.c:756:6:Error_Handler	8	static,ignoring_inline_asm
